Component: ARM Compiler 5.06 update 5 (build 528) Tool: armlink [4d35e2]

==============================================================================

Section Cross References

    startup_stm32f407xx.o(STACK) refers (Special) to heapauxi.o(.text) for __use_two_region_memory
    startup_stm32f407xx.o(HEAP) refers (Special) to heapauxi.o(.text) for __use_two_region_memory
    startup_stm32f407xx.o(RESET) refers (Special) to heapauxi.o(.text) for __use_two_region_memory
    startup_stm32f407xx.o(RESET) refers to startup_stm32f407xx.o(STACK) for __initial_sp
    startup_stm32f407xx.o(RESET) refers to startup_stm32f407xx.o(.text) for Reset_Handler
    startup_stm32f407xx.o(RESET) refers to stm32f4xx_it.o(i.NMI_Handler) for NMI_Handler
    startup_stm32f407xx.o(RESET) refers to stm32f4xx_it.o(i.HardFault_Handler) for HardFault_Handler
    startup_stm32f407xx.o(RESET) refers to stm32f4xx_it.o(i.MemManage_Handler) for MemManage_Handler
    startup_stm32f407xx.o(RESET) refers to stm32f4xx_it.o(i.BusFault_Handler) for BusFault_Handler
    startup_stm32f407xx.o(RESET) refers to stm32f4xx_it.o(i.UsageFault_Handler) for UsageFault_Handler
    startup_stm32f407xx.o(RESET) refers to stm32f4xx_it.o(i.SVC_Handler) for SVC_Handler
    startup_stm32f407xx.o(RESET) refers to stm32f4xx_it.o(i.DebugMon_Handler) for DebugMon_Handler
    startup_stm32f407xx.o(RESET) refers to stm32f4xx_it.o(i.PendSV_Handler) for PendSV_Handler
    startup_stm32f407xx.o(RESET) refers to stm32f4xx_it.o(i.SysTick_Handler) for SysTick_Handler
    startup_stm32f407xx.o(RESET) refers to stm32f4xx_it.o(i.DMA1_Stream0_IRQHandler) for DMA1_Stream0_IRQHandler
    startup_stm32f407xx.o(RESET) refers to stm32f4xx_it.o(i.DMA1_Stream2_IRQHandler) for DMA1_Stream2_IRQHandler
    startup_stm32f407xx.o(RESET) refers to stm32f4xx_it.o(i.DMA1_Stream6_IRQHandler) for DMA1_Stream6_IRQHandler
    startup_stm32f407xx.o(RESET) refers to stm32f4xx_it.o(i.I2C1_EV_IRQHandler) for I2C1_EV_IRQHandler
    startup_stm32f407xx.o(RESET) refers to stm32f4xx_it.o(i.I2C1_ER_IRQHandler) for I2C1_ER_IRQHandler
    startup_stm32f407xx.o(RESET) refers to stm32f4xx_it.o(i.I2C2_EV_IRQHandler) for I2C2_EV_IRQHandler
    startup_stm32f407xx.o(RESET) refers to stm32f4xx_it.o(i.I2C2_ER_IRQHandler) for I2C2_ER_IRQHandler
    startup_stm32f407xx.o(RESET) refers to stm32f4xx_it.o(i.DMA1_Stream7_IRQHandler) for DMA1_Stream7_IRQHandler
    startup_stm32f407xx.o(RESET) refers to stm32f4xx_it.o(i.TIM5_IRQHandler) for TIM5_IRQHandler
    startup_stm32f407xx.o(.text) refers (Special) to heapauxi.o(.text) for __use_two_region_memory
    startup_stm32f407xx.o(.text) refers to system_stm32f4xx.o(i.SystemInit) for SystemInit
    startup_stm32f407xx.o(.text) refers to __main.o(!!!main) for __main
    startup_stm32f407xx.o(.text) refers to startup_stm32f407xx.o(HEAP) for Heap_Mem
    startup_stm32f407xx.o(.text) refers to startup_stm32f407xx.o(STACK) for Stack_Mem
    as5600.o(i.HAL_I2C_MasterRxCpltCallback) refers to i2c.o(.bss) for hi2c1
    as5600.o(i.HAL_I2C_MasterRxCpltCallback) refers to as5600.o(.data) for .data
    as5600.o(i.HAL_I2C_MasterTxCpltCallback) refers to i2c.o(.bss) for hi2c1
    as5600.o(i.HAL_I2C_MasterTxCpltCallback) refers to as5600.o(.data) for .data
    as5600.o(i.bsp_as5600_1_GetAngle) refers to as5600.o(i.bsp_as5600_1_GetRawAngle) for bsp_as5600_1_GetRawAngle
    as5600.o(i.bsp_as5600_1_GetAngle) refers to as5600.o(.data) for .data
    as5600.o(i.bsp_as5600_1_GetRawAngle) refers to stm32f4xx_hal_i2c.o(i.HAL_I2C_Master_Transmit_DMA) for HAL_I2C_Master_Transmit_DMA
    as5600.o(i.bsp_as5600_1_GetRawAngle) refers to stm32f4xx_hal_i2c.o(i.HAL_I2C_Master_Receive_DMA) for HAL_I2C_Master_Receive_DMA
    as5600.o(i.bsp_as5600_1_GetRawAngle) refers to as5600.o(.data) for .data
    as5600.o(i.bsp_as5600_1_GetRawAngle) refers to i2c.o(.bss) for hi2c1
    as5600.o(i.bsp_as5600_1_Init) refers to as5600.o(i.bsp_as5600_1_GetRawAngle) for bsp_as5600_1_GetRawAngle
    as5600.o(i.bsp_as5600_1_Init) refers to stm32f4xx_hal_i2c.o(i.HAL_I2C_Master_Transmit_DMA) for HAL_I2C_Master_Transmit_DMA
    as5600.o(i.bsp_as5600_1_Init) refers to as5600.o(.data) for .data
    as5600.o(i.bsp_as5600_1_Init) refers to i2c.o(.bss) for hi2c1
    as5600.o(i.bsp_as5600_2_GetAngle) refers to as5600.o(i.bsp_as5600_2_GetRawAngle) for bsp_as5600_2_GetRawAngle
    as5600.o(i.bsp_as5600_2_GetAngle) refers to as5600.o(.data) for .data
    as5600.o(i.bsp_as5600_2_GetRawAngle) refers to stm32f4xx_hal_i2c.o(i.HAL_I2C_Master_Transmit_DMA) for HAL_I2C_Master_Transmit_DMA
    as5600.o(i.bsp_as5600_2_GetRawAngle) refers to stm32f4xx_hal_i2c.o(i.HAL_I2C_Master_Receive_DMA) for HAL_I2C_Master_Receive_DMA
    as5600.o(i.bsp_as5600_2_GetRawAngle) refers to as5600.o(.data) for .data
    as5600.o(i.bsp_as5600_2_GetRawAngle) refers to i2c.o(.bss) for hi2c2
    as5600.o(i.bsp_as5600_2_Init) refers to as5600.o(i.bsp_as5600_2_GetRawAngle) for bsp_as5600_2_GetRawAngle
[...]
    x$fpl$ffltll                             0x0800665e   Section       96  ffltll_clz.o(x$fpl$ffltll)
    $v0                                      0x0800665e   Number         0  ffltll_clz.o(x$fpl$ffltll)
    x$fpl$fnaninf                            0x080066be   Section      140  fnaninf.o(x$fpl$fnaninf)
    $v0                                      0x080066be   Number         0  fnaninf.o(x$fpl$fnaninf)
    x$fpl$fpinit                             0x0800674a   Section       10  fpinit.o(x$fpl$fpinit)
    $v0                                      0x0800674a   Number         0  fpinit.o(x$fpl$fpinit)
    x$fpl$fretinf                            0x08006754   Section       10  fretinf.o(x$fpl$fretinf)
    $v0                                      0x08006754   Number         0  fretinf.o(x$fpl$fretinf)
    .constdata                               0x0800675e   Section        8  stm32f4xx_hal_dma.o(.constdata)
    x$fpl$usenofp                            0x0800675e   Section        0  usenofp.o(x$fpl$usenofp)
    flagBitshiftOffset                       0x0800675e   Data           8  stm32f4xx_hal_dma.o(.constdata)
    .constdata                               0x08006766   Section       16  system_stm32f4xx.o(.constdata)
    .constdata                               0x08006776   Section        8  system_stm32f4xx.o(.constdata)
    .constdata                               0x08006780   Section       48  cos_i.o(.constdata)
    C                                        0x08006780   Data          48  cos_i.o(.constdata)
    .constdata                               0x080067b0   Section      200  rred.o(.constdata)
    pio2s                                    0x080067b0   Data          48  rred.o(.constdata)
    twooverpi                                0x080067e0   Data         152  rred.o(.constdata)
    .constdata                               0x08006878   Section       40  sin_i.o(.constdata)
    S                                        0x08006878   Data          40  sin_i.o(.constdata)
    .data                                    0x20000000   Section       36  as5600.o(.data)
    raw_angle_register                       0x20000000   Data           1  as5600.o(.data)
    raw_angle_register                       0x20000001   Data           1  as5600.o(.data)
    buffer                                   0x20000002   Data           2  as5600.o(.data)
    buffer                                   0x20000004   Data           2  as5600.o(.data)
    raw_angle_1                              0x20000006   Data           2  as5600.o(.data)
    raw_angle_2                              0x20000008   Data           2  as5600.o(.data)
    as5600_1_State                           0x2000000c   Data           4  as5600.o(.data)
    as5600_2_State                           0x20000010   Data           4  as5600.o(.data)
    angle_data_prev1                         0x20000014   Data           4  as5600.o(.data)
    full_rotation_offset1                    0x20000018   Data           4  as5600.o(.data)
    angle_data_prev2                         0x2000001c   Data           4  as5600.o(.data)
    full_rotation_offset2                    0x20000020   Data           4  as5600.o(.data)
    .data                                    0x20000028   Section       72  svpwm.o(.data)
    S0_zero_electric_angle                   0x20000028   Data           4  svpwm.o(.data)
    S1_zero_electric_angle                   0x2000002c   Data           4  svpwm.o(.data)
    voltage_power_supply                     0x20000030   Data           4  svpwm.o(.data)
    Vel0_pre                                 0x20000034   Data           4  svpwm.o(.data)
    M0_Angle_acc                             0x20000038   Data           4  svpwm.o(.data)
    M0_Angle_pre                             0x2000003c   Data           4  svpwm.o(.data)
    Vel1_pre                                 0x20000040   Data           4  svpwm.o(.data)
    M1_Angle_acc                             0x20000044   Data           4  svpwm.o(.data)
    M1_Angle_pre                             0x20000048   Data           4  svpwm.o(.data)
    M0_PP                                    0x2000004c   Data           4  svpwm.o(.data)
    M0_DIR                                   0x20000050   Data           4  svpwm.o(.data)
    M1_PP                                    0x20000054   Data           4  svpwm.o(.data)
    M1_DIR                                   0x20000058   Data           4  svpwm.o(.data)
    T_start0                                 0x20000060   Data           8  svpwm.o(.data)
    T_start1                                 0x20000068   Data           8  svpwm.o(.data)
    .data                                    0x20000070   Section       40  acceleration.o(.data)
    Acl0_pre                                 0x20000070   Data           4  acceleration.o(.data)
    M0_Vel_acc                               0x20000074   Data           4  acceleration.o(.data)
    M0_Vel_pre                               0x20000078   Data           4  acceleration.o(.data)
    Acl1_pre                                 0x2000007c   Data           4  acceleration.o(.data)
    M1_Vel_acc                               0x20000080   Data           4  acceleration.o(.data)
    M1_Vel_pre                               0x20000084   Data           4  acceleration.o(.data)
    T_start0                                 0x20000088   Data           8  acceleration.o(.data)
    T_start1                                 0x20000090   Data           8  acceleration.o(.data)
    .data                                    0x20000098   Section        8  main.o(.data)
    .data                                    0x200000a0   Section       12  stm32f4xx_hal.o(.data)
    .data                                    0x200000ac   Section        4  system_stm32f4xx.o(.data)
    .bss                                     0x200000b0   Section      224  svpwm.o(.bss)
    Velocity_PID_M0                          0x200000b0   Data          48  svpwm.o(.bss)
    Velocity_PID_M1                          0x200000e0   Data          48  svpwm.o(.bss)
    Angle_PID_M0                             0x20000110   Data          48  svpwm.o(.bss)
    Angle_PID_M1                             0x20000140   Data          48  svpwm.o(.bss)
    Vel_LowPass_Filter_M0                    0x20000170   Data          16  svpwm.o(.bss)
    Vel_LowPass_Filter_M1                    0x20000180   Data          16  svpwm.o(.bss)
    .bss                                     0x20000190   Section      128  acceleration.o(.bss)
    Acceleration_PID_M0                      0x20000190   Data          48  acceleration.o(.bss)
    Acceleration_PID_M1                      0x200001c0   Data          48  acceleration.o(.bss)
    Acl_LowPass_Filter_M0                    0x200001f0   Data          16  acceleration.o(.bss)
    Acl_LowPass_Filter_M1                    0x20000200   Data          16  acceleration.o(.bss)
    .bss                                     0x20000210   Section      144  adc.o(.bss)
    .bss                                     0x200002a0   Section      552  i2c.o(.bss)
    .bss                                     0x200004c8   Section       12  iwdg.o(.bss)
    .bss                                     0x200004d4   Section      216  tim.o(.bss)
    .bss                                     0x200005ac   Section       68  usart.o(.bss)
    .bss                                     0x200005f0   Section       96  libspace.o(.bss)
    HEAP                                     0x20000650   Section      512  startup_stm32f407xx.o(HEAP)
    Heap_Mem                                 0x20000650   Data         512  startup_stm32f407xx.o(HEAP)
    STACK                                    0x20000850   Section     1024  startup_stm32f407xx.o(STACK)
    Stack_Mem                                0x20000850   Data        1024  startup_stm32f407xx.o(STACK)
    __initial_sp                             0x20000c50   Data           0  startup_stm32f407xx.o(STACK)

    Global Symbols

    Symbol Name                              Value     Ov Type        Size  Object(Section)

    BuildAttributes$$THM_ISAv4$E$P$D$K$B$S$7EM$VFPi3$EXTD16$VFPS$VFMA$PE$A:L22UL41UL21$X:L11$S22US41US21$IEEE1$IW$USESV6$~STKCKD$USESV7$~SHL$OTIME$ROPI$IEEEX$EBA8$UX$STANDARDLIB$REQ8$PRES8$EABIv2 0x00000000   Number         0  anon$$obj.o ABSOLUTE
    __ARM_use_no_argv                        0x00000000   Number         0  main.o ABSOLUTE
    __ARM_exceptions_init                     - Undefined Weak Reference
    __alloca_initialize                       - Undefined Weak Reference
    __arm_preinit_                            - Undefined Weak Reference
    __cpp_initialize__aeabi_                  - Undefined Weak Reference
    __cxa_finalize                            - Undefined Weak Reference
    __rt_locale                               - Undefined Weak Reference
    __sigvec_lookup                           - Undefined Weak Reference
    _atexit_init                              - Undefined Weak Reference
    _call_atexit_fns                          - Undefined Weak Reference
    _clock_init                               - Undefined Weak Reference
    _fp_trap_init                             - Undefined Weak Reference
    _fp_trap_shutdown                         - Undefined Weak Reference
    _get_lc_collate                           - Undefined Weak Reference
    _get_lc_ctype                             - Undefined Weak Reference
    _get_lc_monetary                          - Undefined Weak Reference
    _get_lc_numeric                           - Undefined Weak Reference
    _get_lc_time                              - Undefined Weak Reference
    _getenv_init                              - Undefined Weak Reference
    _handle_redirection                       - Undefined Weak Reference
    _init_alloc                               - Undefined Weak Reference
    _init_user_alloc                          - Undefined Weak Reference
    _initio                                   - Undefined Weak Reference
    _rand_init                                - Undefined Weak Reference
    _signal_finish                            - Undefined Weak Reference
    _signal_init                              - Undefined Weak Reference
    _terminate_alloc                          - Undefined Weak Reference
    _terminate_user_alloc                     - Undefined Weak Reference
    _terminateio                              - Undefined Weak Reference
    __Vectors_Size                           0x00000188   Number         0  startup_stm32f407xx.o ABSOLUTE
    __Vectors                                0x08000000   Data           4  startup_stm32f407xx.o(RESET)
    __Vectors_End                            0x08000188   Data           0  startup_stm32f407xx.o(RESET)
    __main                                   0x08000189   Thumb Code     8  __main.o(!!!main)
    __scatterload                            0x08000191   Thumb Code     0  __scatter.o(!!!scatter)
    __scatterload_rt2                        0x08000191   Thumb Code    44  __scatter.o(!!!scatter)
    __scatterload_rt2_thumb_only             0x08000191   Thumb Code     0  __scatter.o(!!!scatter)
    __scatterload_null                       0x0800019f   Thumb Code     0  __scatter.o(!!!scatter)
    __scatterload_copy                       0x080001c5   Thumb Code    26  __scatter_copy.o(!!handler_copy)
    __scatterload_zeroinit                   0x080001e1   Thumb Code    28  __scatter_zi.o(!!handler_zi)
    __rt_lib_init                            0x080001fd   Thumb Code     0  libinit.o(.ARM.Collect$$libinit$$00000000)
    __rt_lib_init_fp_1                       0x080001ff   Thumb Code     0  libinit2.o(.ARM.Collect$$libinit$$00000001)
    __rt_lib_init_alloca_1                   0x08000203   Thumb Code     0  libinit2.o(.ARM.Collect$$libinit$$0000002E)
    __rt_lib_init_argv_1                     0x08000203   Thumb Code     0  libinit2.o(.ARM.Collect$$libinit$$0000002C)
    __rt_lib_init_atexit_1                   0x08000203   Thumb Code     0  libinit2.o(.ARM.Collect$$libinit$$0000001B)
    __rt_lib_init_clock_1                    0x08000203   Thumb Code     0  libinit2.o(.ARM.Collect$$libinit$$00000021)
    __rt_lib_init_cpp_1                      0x08000203   Thumb Code     0  libinit2.o(.ARM.Collect$$libinit$$00000032)
    __rt_lib_init_exceptions_1               0x08000203   Thumb Code     0  libinit2.o(.ARM.Collect$$libinit$$00000030)
    __rt_lib_init_fp_trap_1                  0x08000203   Thumb Code     0  libinit2.o(.ARM.Collect$$libinit$$0000001F)
    __rt_lib_init_getenv_1                   0x08000203   Thumb Code     0  libinit2.o(.ARM.Collect$$libinit$$00000023)
    __rt_lib_init_heap_1                     0x08000203   Thumb Code     0  libinit2.o(.ARM.Collect$$libinit$$0000000A)
    __rt_lib_init_lc_collate_1               0x08000203   Thumb Code     0  libinit2.o(.ARM.Collect$$libinit$$00000011)
    __rt_lib_init_lc_ctype_1                 0x08000203   Thumb Code     0  libinit2.o(.ARM.Collect$$libinit$$00000013)
    __rt_lib_init_lc_monetary_1              0x08000203   Thumb Code     0  libinit2.o(.ARM.Collect$$libinit$$00000015)
    __rt_lib_init_lc_numeric_1               0x08000203   Thumb Code     0  libinit2.o(.ARM.Collect$$libinit$$00000017)
    __rt_lib_init_lc_time_1                  0x08000203   Thumb Code     0  libinit2.o(.ARM.Collect$$libinit$$00000019)
    __rt_lib_init_preinit_1                  0x08000203   Thumb Code     0  libinit2.o(.ARM.Collect$$libinit$$00000004)
    __rt_lib_init_rand_1                     0x08000203   Thumb Code     0  libinit2.o(.ARM.Collect$$libinit$$0000000E)
    __rt_lib_init_return                     0x08000203   Thumb Code     0  libinit2.o(.ARM.Collect$$libinit$$00000033)
    __rt_lib_init_signal_1                   0x08000203   Thumb Code     0  libinit2.o(.ARM.Collect$$libinit$$0000001D)
    __rt_lib_init_stdio_1                    0x08000203   Thumb Code     0  libinit2.o(.ARM.Collect$$libinit$$00000025)
    __rt_lib_init_user_alloc_1               0x08000203   Thumb Code     0  libinit2.o(.ARM.Collect$$libinit$$0000000C)
    __rt_lib_shutdown                        0x08000205   Thumb Code     0  libshutdown.o(.ARM.Collect$$libshutdown$$00000000)
    __rt_lib_shutdown_cpp_1                  0x08000207   Thumb Code     0  libshutdown2.o(.ARM.Collect$$libshutdown$$00000002)
    __rt_lib_shutdown_fp_trap_1              0x08000207   Thumb Code     0  libshutdown2.o(.ARM.Collect$$libshutdown$$00000007)
    __rt_lib_shutdown_heap_1                 0x08000207   Thumb Code     0  libshutdown2.o(.ARM.Collect$$libshutdown$$0000000F)
    __rt_lib_shutdown_return                 0x08000207   Thumb Code     0  libshutdown2.o(.ARM.Collect$$libshutdown$$00000010)
    __rt_lib_shutdown_signal_1               0x08000207   Thumb Code     0  libshutdown2.o(.ARM.Collect$$libshutdown$$0000000A)
    __rt_lib_shutdown_stdio_1                0x08000207   Thumb Code     0  libshutdown2.o(.ARM.Collect$$libshutdown$$00000004)
    __rt_lib_shutdown_user_alloc_1           0x08000207   Thumb Code     0  libshutdown2.o(.ARM.Collect$$libshutdown$$0000000C)
    __rt_entry                               0x08000209   Thumb Code     0  __rtentry.o(.ARM.Collect$$rtentry$$00000000)
    __rt_entry_presh_1                       0x08000209   Thumb Code     0  __rtentry2.o(.ARM.Collect$$rtentry$$00000002)
    __rt_entry_sh                            0x08000209   Thumb Code     0  __rtentry4.o(.ARM.Collect$$rtentry$$00000004)
    __rt_entry_li                            0x0800020f   Thumb Code     0  __rtentry2.o(.ARM.Collect$$rtentry$$0000000A)
    __rt_entry_postsh_1                      0x0800020f   Thumb Code     0  __rtentry2.o(.ARM.Collect$$rtentry$$00000009)
    __rt_entry_main                          0x08000213   Thumb Code     0  __rtentry2.o(.ARM.Collect$$rtentry$$0000000D)
    __rt_entry_postli_1                      0x08000213   Thumb Code     0  __rtentry2.o(.ARM.Collect$$rtentry$$0000000C)
    __rt_exit                                0x0800021b   Thumb Code     0  rtexit.o(.ARM.Collect$$rtexit$$00000000)
    __rt_exit_ls                             0x0800021d   Thumb Code     0  rtexit2.o(.ARM.Collect$$rtexit$$00000003)
    __rt_exit_prels_1                        0x0800021d   Thumb Code     0  rtexit2.o(.ARM.Collect$$rtexit$$00000002)
    __rt_exit_exit                           0x08000221   Thumb Code     0  rtexit2.o(.ARM.Collect$$rtexit$$00000004)
    Reset_Handler                            0x08000229   Thumb Code     8  startup_stm32f407xx.o(.text)
    ADC_IRQHandler                           0x08000243   Thumb Code     0  startup_stm32f407xx.o(.text)
    CAN1_RX0_IRQHandler                      0x08000243   Thumb Code     0  startup_stm32f407xx.o(.text)
    CAN1_RX1_IRQHandler                      0x08000243   Thumb Code     0  startup_stm32f407xx.o(.text)
    CAN1_SCE_IRQHandler                      0x08000243   Thumb Code     0  startup_stm32f407xx.o(.text)
    CAN1_TX_IRQHandler                       0x08000243   Thumb Code     0  startup_stm32f407xx.o(.text)
    CAN2_RX0_IRQHandler                      0x08000243   Thumb Code     0  startup_stm32f407xx.o(.text)
    CAN2_RX1_IRQHandler                      0x08000243   Thumb Code     0  startup_stm32f407xx.o(.text)
    CAN2_SCE_IRQHandler                      0x08000243   Thumb Code     0  startup_stm32f407xx.o(.text)
    CAN2_TX_IRQHandler                       0x08000243   Thumb Code     0  startup_stm32f407xx.o(.text)
    DCMI_IRQHandler                          0x08000243   Thumb Code     0  startup_stm32f407xx.o(.text)
    DMA1_Stream1_IRQHandler                  0x08000243   Thumb Code     0  startup_stm32f407xx.o(.text)
    DMA1_Stream3_IRQHandler                  0x08000243   Thumb Code     0  startup_stm32f407xx.o(.text)
    DMA1_Stream4_IRQHandler                  0x08000243   Thumb Code     0  startup_stm32f407xx.o(.text)
    DMA1_Stream5_IRQHandler                  0x08000243   Thumb Code     0  startup_stm32f407xx.o(.text)
    DMA2_Stream0_IRQHandler                  0x08000243   Thumb Code     0  startup_stm32f407xx.o(.text)
    DMA2_Stream1_IRQHandler                  0x08000243   Thumb Code     0  startup_stm32f407xx.o(.text)
    DMA2_Stream2_IRQHandler                  0x08000243   Thumb Code     0  startup_stm32f407xx.o(.text)
    DMA2_Stream3_IRQHandler                  0x08000243   Thumb Code     0  startup_stm32f407xx.o(.text)
    DMA2_Stream4_IRQHandler                  0x08000243   Thumb Code     0  startup_stm32f407xx.o(.text)
    DMA2_Stream5_IRQHandler                  0x08000243   Thumb Code     0  startup_stm32f407xx.o(.text)
    DMA2_Stream6_IRQHandler                  0x08000243   Thumb Code     0  startup_stm32f407xx.o(.text)
    DMA2_Stream7_IRQHandler                  0x08000243   Thumb Code     0  startup_stm32f407xx.o(.text)
    ETH_IRQHandler                           0x08000243   Thumb Code     0  startup_stm32f407xx.o(.text)
    ETH_WKUP_IRQHandler                      0x08000243   Thumb Code     0  startup_stm32f407xx.o(.text)
    EXTI0_IRQHandler                         0x08000243   Thumb Code     0  startup_stm32f407xx.o(.text)
    EXTI15_10_IRQHandler                     0x08000243   Thumb Code     0  startup_stm32f407xx.o(.text)
    EXTI1_IRQHandler                         0x08000243   Thumb Code     0  startup_stm32f407xx.o(.text)
    EXTI2_IRQHandler                         0x08000243   Thumb Code     0  startup_stm32f407xx.o(.text)
    EXTI3_IRQHandler                         0x08000243   Thumb Code     0  startup_stm32f407xx.o(.text)
    EXTI4_IRQHandler                         0x08000243   Thumb Code     0  startup_stm32f407xx.o(.text)
    EXTI9_5_IRQHandler                       0x08000243   Thumb Code     0  startup_stm32f407xx.o(.text)
    FLASH_IRQHandler                         0x08000243   Thumb Code     0  startup_stm32f407xx.o(.text)
    FMC_IRQHandler                           0x08000243   Thumb Code     0  startup_stm32f407xx.o(.text)
    FPU_IRQHandler                           0x08000243   Thumb Code     0  startup_stm32f407xx.o(.text)
    HASH_RNG_IRQHandler                      0x08000243   Thumb Code     0  startup_stm32f407xx.o(.text)
    I2C3_ER_IRQHandler                       0x08000243   Thumb Code     0  startup_stm32f407xx.o(.text)
    I2C3_EV_IRQHandler                       0x08000243   Thumb Code     0  startup_stm32f407xx.o(.text)
    OTG_FS_IRQHandler                        0x08000243   Thumb Code     0  startup_stm32f407xx.o(.text)
    OTG_FS_WKUP_IRQHandler                   0x08000243   Thumb Code     0  startup_stm32f407xx.o(.text)
    OTG_HS_EP1_IN_IRQHandler                 0x08000243   Thumb Code     0  startup_stm32f407xx.o(.text)
    OTG_HS_EP1_OUT_IRQHandler                0x08000243   Thumb Code     0  startup_stm32f407xx.o(.text)
    OTG_HS_IRQHandler                        0x08000243   Thumb Code     0  startup_stm32f407xx.o(.text)
    OTG_HS_WKUP_IRQHandler                   0x08000243   Thumb Code     0  startup_stm32f407xx.o(.text)
    PVD_IRQHandler                           0x08000243   Thumb Code     0  startup_stm32f407xx.o(.text)
    RCC_IRQHandler                           0x08000243   Thumb Code     0  startup_stm32f407xx.o(.text)
    RTC_Alarm_IRQHandler                     0x08000243   Thumb Code     0  startup_stm32f407xx.o(.text)
    RTC_WKUP_IRQHandler                      0x08000243   Thumb Code     0  startup_stm32f407xx.o(.text)
    SDIO_IRQHandler                          0x08000243   Thumb Code     0  startup_stm32f407xx.o(.text)
    SPI1_IRQHandler                          0x08000243   Thumb Code     0  startup_stm32f407xx.o(.text)
    SPI2_IRQHandler                          0x08000243   Thumb Code     0  startup_stm32f407xx.o(.text)
    SPI3_IRQHandler                          0x08000243   Thumb Code     0  startup_stm32f407xx.o(.text)
    TAMP_STAMP_IRQHandler                    0x08000243   Thumb Code     0  startup_stm32f407xx.o(.text)
    TIM1_BRK_TIM9_IRQHandler                 0x08000243   Thumb Code     0  startup_stm32f407xx.o(.text)
    TIM1_CC_IRQHandler                       0x08000243   Thumb Code     0  startup_stm32f407xx.o(.text)
    TIM1_TRG_COM_TIM11_IRQHandler            0x08000243   Thumb Code     0  startup_stm32f407xx.o(.text)
    TIM1_UP_TIM10_IRQHandler                 0x08000243   Thumb Code     0  startup_stm32f407xx.o(.text)
    TIM2_IRQHandler                          0x08000243   Thumb Code     0  startup_stm32f407xx.o(.text)
    TIM3_IRQHandler                          0x08000243   Thumb Code     0  startup_stm32f407xx.o(.text)
    TIM4_IRQHandler                          0x08000243   Thumb Code     0  startup_stm32f407xx.o(.text)
    TIM6_DAC_IRQHandler                      0x08000243   Thumb Code     0  startup_stm32f407xx.o(.text)
    TIM7_IRQHandler                          0x08000243   Thumb Code     0  startup_stm32f407xx.o(.text)
    TIM8_BRK_TIM12_IRQHandler                0x08000243   Thumb Code     0  startup_stm32f407xx.o(.text)
    TIM8_CC_IRQHandler                       0x08000243   Thumb Code     0  startup_stm32f407xx.o(.text)
    TIM8_TRG_COM_TIM14_IRQHandler            0x08000243   Thumb Code     0  startup_stm32f407xx.o(.text)
    TIM8_UP_TIM13_IRQHandler                 0x08000243   Thumb Code     0  startup_stm32f407xx.o(.text)
    UART4_IRQHandler                         0x08000243   Thumb Code     0  startup_stm32f407xx.o(.text)
    UART5_IRQHandler                         0x08000243   Thumb Code     0  startup_stm32f407xx.o(.text)
    USART1_IRQHandler                        0x08000243   Thumb Code     0  startup_stm32f407xx.o(.text)
    USART2_IRQHandler                        0x08000243   Thumb Code     0  startup_stm32f407xx.o(.text)
    USART3_IRQHandler                        0x08000243   Thumb Code     0  startup_stm32f407xx.o(.text)
    USART6_IRQHandler                        0x08000243   Thumb Code     0  startup_stm32f407xx.o(.text)
    WWDG_IRQHandler                          0x08000243   Thumb Code     0  startup_stm32f407xx.o(.text)
    __user_initial_stackheap                 0x08000245   Thumb Code     0  startup_stm32f407xx.o(.text)
    __aeabi_uldivmod                         0x08000269   Thumb Code     0  lludivv7m.o(.text)
    _ll_udiv                                 0x08000269   Thumb Code   238  lludivv7m.o(.text)
    __aeabi_memcpy4                          0x08000357   Thumb Code     0  rt_memcpy_w.o(.text)
    __aeabi_memcpy8                          0x08000357   Thumb Code     0  rt_memcpy_w.o(.text)
    __rt_memcpy_w                            0x08000357   Thumb Code   100  rt_memcpy_w.o(.text)
    _memcpy_lastbytes_aligned                0x0800039f   Thumb Code     0  rt_memcpy_w.o(.text)
    __aeabi_memclr4                          0x080003bb   Thumb Code     0  rt_memclr_w.o(.text)
    __aeabi_memclr8                          0x080003bb   Thumb Code     0  rt_memclr_w.o(.text)
    __rt_memclr_w                            0x080003bb   Thumb Code    78  rt_memclr_w.o(.text)
    _memset_w                                0x080003bf   Thumb Code     0  rt_memclr_w.o(.text)
    __use_two_region_memory                  0x08000409   Thumb Code     2  heapauxi.o(.text)
    __rt_heap_escrow$2region                 0x0800040b   Thumb Code     2  heapauxi.o(.text)
    __rt_heap_expand$2region                 0x0800040d   Thumb Code     2  heapauxi.o(.text)
    __read_errno                             0x0800040f   Thumb Code    10  _rserrno.o(.text)
    __set_errno                              0x08000419   Thumb Code    12  _rserrno.o(.text)
    __aeabi_errno_addr                       0x08000425   Thumb Code     8  rt_errno_addr_intlibspace.o(.text)
    __errno$intlibspace                      0x08000425   Thumb Code     0  rt_errno_addr_intlibspace.o(.text)
    __rt_errno_addr$intlibspace              0x08000425   Thumb Code     0  rt_errno_addr_intlibspace.o(.text)
    __user_libspace                          0x0800042d   Thumb Code     8  libspace.o(.text)
    __user_perproc_libspace                  0x0800042d   Thumb Code     0  libspace.o(.text)
    __user_perthread_libspace                0x0800042d   Thumb Code     0  libspace.o(.text)
    __user_setup_stackheap                   0x08000435   Thumb Code    74  sys_stackheap_outer.o(.text)
    exit                                     0x0800047f   Thumb Code    18  exit.o(.text)
    _sys_exit                                0x08000491   Thumb Code     8  sys_exit.o(.text)
    __I$use$semihosting                      0x0800049d   Thumb Code     0  use_no_semi.o(.text)
    __use_no_semihosting_swi                 0x0800049d   Thumb Code     2  use_no_semi.o(.text)
    __semihosting_library_function           0x0800049f   Thumb Code     0  indicate_semi.o(.text)
    Acceleration_PIDInit_M0                  0x080005c9   Thumb Code    60  acceleration.o(i.Acceleration_PIDInit_M0)
    Acceleration_PIDInit_M1                  0x08000611   Thumb Code    58  acceleration.o(i.Acceleration_PIDInit_M1)
    Acl_LowPass_FilterInit_M0                0x08000659   Thumb Code    26  acceleration.o(i.Acl_LowPass_FilterInit_M0)
    Acl_LowPass_FilterInit_M1                0x08000681   Thumb Code    26  acceleration.o(i.Acl_LowPass_FilterInit_M1)
    Angle_PIDInit_M0                         0x080006a9   Thumb Code    58  svpwm.o(i.Angle_PIDInit_M0)
    Angle_PIDInit_M1                         0x080006f1   Thumb Code    58  svpwm.o(i.Angle_PIDInit_M1)
    BusFault_Handler                         0x08000739   Thumb Code     2  stm32f4xx_it.o(i.BusFault_Handler)
    Calculate_CarDisPlacement                0x0800073d   Thumb Code    76  routine.o(i.Calculate_CarDisPlacement)
    DMA1_Stream0_IRQHandler                  0x08000795   Thumb Code     6  stm32f4xx_it.o(i.DMA1_Stream0_IRQHandler)
    DMA1_Stream2_IRQHandler                  0x080007a1   Thumb Code     6  stm32f4xx_it.o(i.DMA1_Stream2_IRQHandler)
    DMA1_Stream6_IRQHandler                  0x080007ad   Thumb Code     6  stm32f4xx_it.o(i.DMA1_Stream6_IRQHandler)
    DMA1_Stream7_IRQHandler                  0x080007b9   Thumb Code     6  stm32f4xx_it.o(i.DMA1_Stream7_IRQHandler)
    DebugMon_Handler                         0x08000869   Thumb Code     2  stm32f4xx_it.o(i.DebugMon_Handler)
    Error_Handler                            0x0800086b   Thumb Code     4  main.o(i.Error_Handler)
    Get_Angle_PID_M0                         0x08000871   Thumb Code     8  svpwm.o(i.Get_Angle_PID_M0)
    Get_Angle_PID_M1                         0x0800087d   Thumb Code     8  svpwm.o(i.Get_Angle_PID_M1)
    Get_Velocity_PID_M0                      0x08000889   Thumb Code     8  svpwm.o(i.Get_Velocity_PID_M0)
    Get_Velocity_PID_M1                      0x08000895   Thumb Code     8  svpwm.o(i.Get_Velocity_PID_M1)
    HAL_ADC_ConfigChannel                    0x080008a1   Thumb Code   316  stm32f4xx_hal_adc.o(i.HAL_ADC_ConfigChannel)
    HAL_ADC_Init                             0x080009ed   Thumb Code    84  stm32f4xx_hal_adc.o(i.HAL_ADC_Init)
    HAL_ADC_MspInit                          0x08000a41   Thumb Code   126  adc.o(i.HAL_ADC_MspInit)
    HAL_ADC_PollForConversion                0x08000ad1   Thumb Code   170  stm32f4xx_hal_adc.o(i.HAL_ADC_PollForConversion)
    HAL_ADC_Start                            0x08000b7d   Thumb Code   228  stm32f4xx_hal_adc.o(i.HAL_ADC_Start)
    HAL_DMA_Abort_IT                         0x08000c79   Thumb Code    36  stm32f4xx_hal_dma.o(i.HAL_DMA_Abort_IT)
    HAL_DMA_GetError                         0x08000c9d   Thumb Code     4  stm32f4xx_hal_dma.o(i.HAL_DMA_GetError)
    HAL_DMA_GetState                         0x08000ca1   Thumb Code     6  stm32f4xx_hal_dma.o(i.HAL_DMA_GetState)
    HAL_DMA_IRQHandler                       0x08000ca9   Thumb Code   412  stm32f4xx_hal_dma.o(i.HAL_DMA_IRQHandler)
    HAL_DMA_Init                             0x08000e49   Thumb Code   206  stm32f4xx_hal_dma.o(i.HAL_DMA_Init)
    HAL_DMA_Start_IT                         0x08000f1d   Thumb Code   110  stm32f4xx_hal_dma.o(i.HAL_DMA_Start_IT)
    HAL_GPIO_Init                            0x08000f8d   Thumb Code   450  stm32f4xx_hal_gpio.o(i.HAL_GPIO_Init)
    HAL_GPIO_WritePin                        0x0800117d   Thumb Code    10  stm32f4xx_hal_gpio.o(i.HAL_GPIO_WritePin)
    HAL_GetTick                              0x08001189   Thumb Code     6  stm32f4xx_hal.o(i.HAL_GetTick)
    HAL_I2C_AbortCpltCallback                0x08001195   Thumb Code     2  stm32f4xx_hal_i2c.o(i.HAL_I2C_AbortCpltCallback)
    HAL_I2C_AddrCallback                     0x08001197   Thumb Code     2  stm32f4xx_hal_i2c.o(i.HAL_I2C_AddrCallback)
    HAL_I2C_ER_IRQHandler                    0x08001199   Thumb Code   186  stm32f4xx_hal_i2c.o(i.HAL_I2C_ER_IRQHandler)
    HAL_I2C_EV_IRQHandler                    0x08001253   Thumb Code   560  stm32f4xx_hal_i2c.o(i.HAL_I2C_EV_IRQHandler)
    HAL_I2C_ErrorCallback                    0x08001483   Thumb Code     2  stm32f4xx_hal_i2c.o(i.HAL_I2C_ErrorCallback)
    HAL_I2C_Init                             0x08001485   Thumb Code   376  stm32f4xx_hal_i2c.o(i.HAL_I2C_Init)
    HAL_I2C_ListenCpltCallback               0x0800160d   Thumb Code     2  stm32f4xx_hal_i2c.o(i.HAL_I2C_ListenCpltCallback)
    HAL_I2C_MasterRxCpltCallback             0x08001611   Thumb Code    22  as5600.o(i.HAL_I2C_MasterRxCpltCallback)
    HAL_I2C_MasterTxCpltCallback             0x08001635   Thumb Code    22  as5600.o(i.HAL_I2C_MasterTxCpltCallback)
    HAL_I2C_Master_Receive_DMA               0x08001659   Thumb Code   336  stm32f4xx_hal_i2c.o(i.HAL_I2C_Master_Receive_DMA)
    HAL_I2C_Master_Transmit_DMA              0x080017b9   Thumb Code   336  stm32f4xx_hal_i2c.o(i.HAL_I2C_Master_Transmit_DMA)
    HAL_I2C_MemRxCpltCallback                0x08001919   Thumb Code     2  stm32f4xx_hal_i2c.o(i.HAL_I2C_MemRxCpltCallback)
    HAL_I2C_MemTxCpltCallback                0x0800191b   Thumb Code     2  stm32f4xx_hal_i2c.o(i.HAL_I2C_MemTxCpltCallback)
    HAL_I2C_MspInit                          0x0800191d   Thumb Code   412  i2c.o(i.HAL_I2C_MspInit)
    HAL_I2C_SlaveRxCpltCallback              0x08001ad5   Thumb Code     2  stm32f4xx_hal_i2c.o(i.HAL_I2C_SlaveRxCpltCallback)
    HAL_I2C_SlaveTxCpltCallback              0x08001ad7   Thumb Code     2  stm32f4xx_hal_i2c.o(i.HAL_I2C_SlaveTxCpltCallback)
    HAL_IWDG_Init                            0x08001ad9   Thumb Code    90  stm32f4xx_hal_iwdg.o(i.HAL_IWDG_Init)
    HAL_IWDG_Refresh                         0x08001b33   Thumb Code    12  stm32f4xx_hal_iwdg.o(i.HAL_IWDG_Refresh)
    HAL_IncTick                              0x08001b41   Thumb Code    12  stm32f4xx_hal.o(i.HAL_IncTick)
    HAL_Init                                 0x08001b51   Thumb Code    48  stm32f4xx_hal.o(i.HAL_Init)
    HAL_InitTick                             0x08001b85   Thumb Code    54  stm32f4xx_hal.o(i.HAL_InitTick)
    HAL_MspInit                              0x08001bc5   Thumb Code    42  stm32f4xx_hal_msp.o(i.HAL_MspInit)
    HAL_NVIC_EnableIRQ                       0x08001bf5   Thumb Code    26  stm32f4xx_hal_cortex.o(i.HAL_NVIC_EnableIRQ)
    HAL_NVIC_SetPriority                     0x08001c11   Thumb Code    60  stm32f4xx_hal_cortex.o(i.HAL_NVIC_SetPriority)
    HAL_NVIC_SetPriorityGrouping             0x08001c51   Thumb Code    26  stm32f4xx_hal_cortex.o(i.HAL_NVIC_SetPriorityGrouping)
    HAL_RCC_ClockConfig                      0x08001c75   Thumb Code   288  stm32f4xx_hal_rcc.o(i.HAL_RCC_ClockConfig)
    HAL_RCC_GetPCLK1Freq                     0x08001da9   Thumb Code    20  stm32f4xx_hal_rcc.o(i.HAL_RCC_GetPCLK1Freq)
    HAL_RCC_GetPCLK2Freq                     0x08001dc9   Thumb Code    20  stm32f4xx_hal_rcc.o(i.HAL_RCC_GetPCLK2Freq)
    HAL_RCC_GetSysClockFreq                  0x08001de9   Thumb Code    88  stm32f4xx_hal_rcc.o(i.HAL_RCC_GetSysClockFreq)
    HAL_RCC_OscConfig                        0x08001e4d   Thumb Code   856  stm32f4xx_hal_rcc.o(i.HAL_RCC_OscConfig)
    HAL_SYSTICK_Config                       0x080021b9   Thumb Code    40  stm32f4xx_hal_cortex.o(i.HAL_SYSTICK_Config)
    HAL_TIMEx_BreakCallback                  0x080021e1   Thumb Code     2  stm32f4xx_hal_tim_ex.o(i.HAL_TIMEx_BreakCallback)
    HAL_TIMEx_CommutCallback                 0x080021e3   Thumb Code     2  stm32f4xx_hal_tim_ex.o(i.HAL_TIMEx_CommutCallback)
    HAL_TIMEx_MasterConfigSynchronization    0x080021e5   Thumb Code   116  stm32f4xx_hal_tim_ex.o(i.HAL_TIMEx_MasterConfigSynchronization)
    HAL_TIM_Base_Init                        0x08002275   Thumb Code    90  stm32f4xx_hal_tim.o(i.HAL_TIM_Base_Init)
    HAL_TIM_Base_MspInit                     0x080022d1   Thumb Code    94  tim.o(i.HAL_TIM_Base_MspInit)
    HAL_TIM_Base_Start_IT                    0x0800233d   Thumb Code   100  stm32f4xx_hal_tim.o(i.HAL_TIM_Base_Start_IT)
    HAL_TIM_ConfigClockSource                0x080023bd   Thumb Code   220  stm32f4xx_hal_tim.o(i.HAL_TIM_ConfigClockSource)
    HAL_TIM_IC_CaptureCallback               0x08002499   Thumb Code     2  stm32f4xx_hal_tim.o(i.HAL_TIM_IC_CaptureCallback)
    HAL_TIM_IRQHandler                       0x0800249b   Thumb Code   358  stm32f4xx_hal_tim.o(i.HAL_TIM_IRQHandler)
    HAL_TIM_MspPostInit                      0x08002601   Thumb Code   190  tim.o(i.HAL_TIM_MspPostInit)
    HAL_TIM_OC_DelayElapsedCallback          0x080026d1   Thumb Code     2  stm32f4xx_hal_tim.o(i.HAL_TIM_OC_DelayElapsedCallback)
    HAL_TIM_PWM_ConfigChannel                0x080026d3   Thumb Code   204  stm32f4xx_hal_tim.o(i.HAL_TIM_PWM_ConfigChannel)
    HAL_TIM_PWM_Init                         0x0800279f   Thumb Code    90  stm32f4xx_hal_tim.o(i.HAL_TIM_PWM_Init)
    HAL_TIM_PWM_MspInit                      0x080027f9   Thumb Code     2  stm32f4xx_hal_tim.o(i.HAL_TIM_PWM_MspInit)
    HAL_TIM_PWM_PulseFinishedCallback        0x080027fb   Thumb Code     2  stm32f4xx_hal_tim.o(i.HAL_TIM_PWM_PulseFinishedCallback)
    HAL_TIM_PWM_Start                        0x080027fd   Thumb Code   172  stm32f4xx_hal_tim.o(i.HAL_TIM_PWM_Start)
    HAL_TIM_PeriodElapsedCallback            0x080028c5   Thumb Code    24  main.o(i.HAL_TIM_PeriodElapsedCallback)
    HAL_TIM_TriggerCallback                  0x080028e5   Thumb Code     2  stm32f4xx_hal_tim.o(i.HAL_TIM_TriggerCallback)
    HAL_UART_Init                            0x080028e7   Thumb Code    98  stm32f4xx_hal_uart.o(i.HAL_UART_Init)
    HAL_UART_MspInit                         0x08002949   Thumb Code    94  usart.o(i.HAL_UART_MspInit)
    HardFault_Handler                        0x080029b5   Thumb Code     2  stm32f4xx_it.o(i.HardFault_Handler)
    I2C1_ER_IRQHandler                       0x080029b9   Thumb Code     6  stm32f4xx_it.o(i.I2C1_ER_IRQHandler)
    I2C1_EV_IRQHandler                       0x080029c5   Thumb Code     6  stm32f4xx_it.o(i.I2C1_EV_IRQHandler)
    I2C2_ER_IRQHandler                       0x080029d1   Thumb Code     6  stm32f4xx_it.o(i.I2C2_ER_IRQHandler)
    I2C2_EV_IRQHandler                       0x080029dd   Thumb Code     6  stm32f4xx_it.o(i.I2C2_EV_IRQHandler)
    LowPass_Filter                           0x080034ad   Thumb Code   132  lowpass_filter.o(i.LowPass_Filter)
    M0_Set_Acceleration_Velocity_Angle       0x0800353d   Thumb Code    98  acceleration.o(i.M0_Set_Acceleration_Velocity_Angle)
    M0_setPwm                                0x080035a5   Thumb Code   256  svpwm.o(i.M0_setPwm)
    M0_setTorque                             0x080036b5   Thumb Code   476  svpwm.o(i.M0_setTorque)
    M1_Set_Acceleration_Velocity_Angle       0x080038bd   Thumb Code    98  acceleration.o(i.M1_Set_Acceleration_Velocity_Angle)
    M1_setPwm                                0x08003925   Thumb Code   256  svpwm.o(i.M1_setPwm)
    M1_setTorque                             0x08003a35   Thumb Code   476  svpwm.o(i.M1_setTorque)
    MX_ADC1_Init                             0x08003c3d   Thumb Code    86  adc.o(i.MX_ADC1_Init)
    MX_ADC2_Init                             0x08003ca1   Thumb Code    86  adc.o(i.MX_ADC2_Init)
    MX_DMA_Init                              0x08003d05   Thumb Code    88  dma.o(i.MX_DMA_Init)
    MX_GPIO_Init                             0x08003d61   Thumb Code   152  gpio.o(i.MX_GPIO_Init)
    MX_I2C1_Init                             0x08003e05   Thumb Code    50  i2c.o(i.MX_I2C1_Init)
    MX_I2C2_Init                             0x08003e45   Thumb Code    50  i2c.o(i.MX_I2C2_Init)
    MX_IWDG_Init                             0x08003e85   Thumb Code    34  iwdg.o(i.MX_IWDG_Init)
    MX_TIM2_Init                             0x08003eb1   Thumb Code   178  tim.o(i.MX_TIM2_Init)
    MX_TIM3_Init                             0x08003f69   Thumb Code   176  tim.o(i.MX_TIM3_Init)
    MX_TIM5_Init                             0x08004021   Thumb Code    94  tim.o(i.MX_TIM5_Init)
    MX_USART1_UART_Init                      0x08004089   Thumb Code    48  usart.o(i.MX_USART1_UART_Init)
    MemManage_Handler                        0x080040c1   Thumb Code     2  stm32f4xx_it.o(i.MemManage_Handler)
    NMI_Handler                              0x080040c3   Thumb Code     2  stm32f4xx_it.o(i.NMI_Handler)
    PIDController                            0x080040c5   Thumb Code   296  pid.o(i.PIDController)
    PendSV_Handler                           0x080041f1   Thumb Code     2  stm32f4xx_it.o(i.PendSV_Handler)
    S0_electricalAngle                       0x080041f5   Thumb Code    42  svpwm.o(i.S0_electricalAngle)
    S1_electricalAngle                       0x08004225   Thumb Code    42  svpwm.o(i.S1_electricalAngle)
    SVC_Handler                              0x08004255   Thumb Code     2  stm32f4xx_it.o(i.SVC_Handler)
    SysTick_Handler                          0x08004257   Thumb Code     4  stm32f4xx_it.o(i.SysTick_Handler)
    SystemClock_Config                       0x0800425d   Thumb Code   144  main.o(i.SystemClock_Config)
    SystemInit                               0x080042f5   Thumb Code    12  system_stm32f4xx.o(i.SystemInit)
    TIM5_IRQHandler                          0x08004305   Thumb Code     6  stm32f4xx_it.o(i.TIM5_IRQHandler)
    TIM_Base_SetConfig                       0x08004311   Thumb Code   156  stm32f4xx_hal_tim.o(i.TIM_Base_SetConfig)
    TIM_CCxChannelCmd                        0x080043d9   Thumb Code    26  stm32f4xx_hal_tim.o(i.TIM_CCxChannelCmd)
    TIM_ETR_SetConfig                        0x080043f3   Thumb Code    20  stm32f4xx_hal_tim.o(i.TIM_ETR_SetConfig)
    TIM_OC2_SetConfig                        0x08004479   Thumb Code    98  stm32f4xx_hal_tim.o(i.TIM_OC2_SetConfig)
    UsageFault_Handler                       0x080046f1   Thumb Code     2  stm32f4xx_it.o(i.UsageFault_Handler)
    Vel_LowPass_FilterInit_M0                0x080046f5   Thumb Code    26  svpwm.o(i.Vel_LowPass_FilterInit_M0)
    Vel_LowPass_FilterInit_M1                0x0800471d   Thumb Code    26  svpwm.o(i.Vel_LowPass_FilterInit_M1)
    Velocity_PIDInit_M0                      0x08004745   Thumb Code    58  svpwm.o(i.Velocity_PIDInit_M0)
    Velocity_PIDInit_M1                      0x0800478d   Thumb Code    58  svpwm.o(i.Velocity_PIDInit_M1)
    __ARM_fpclassify                         0x080047d5   Thumb Code    48  fpclassify.o(i.__ARM_fpclassify)
    __hardfp_floor                           0x08004829   Thumb Code   252  floor.o(i.__hardfp_floor)
    __hardfp_fmod                            0x08004941   Thumb Code   254  fmod.o(i.__hardfp_fmod)
    __hardfp_sin                             0x08004a49   Thumb Code   180  sin.o(i.__hardfp_sin)
    __ieee754_rem_pio2                       0x08004b11   Thumb Code   938  rred.o(i.__ieee754_rem_pio2)
    __kernel_cos                             0x08004f49   Thumb Code   322  cos_i.o(i.__kernel_cos)
    __kernel_poly                            0x080050b9   Thumb Code   248  poly.o(i.__kernel_poly)
    __kernel_sin                             0x080051b1   Thumb Code   280  sin_i.o(i.__kernel_sin)
    __mathlib_dbl_infnan                     0x080052e1   Thumb Code    20  dunder.o(i.__mathlib_dbl_infnan)
    __mathlib_dbl_invalid                    0x080052f9   Thumb Code    24  dunder.o(i.__mathlib_dbl_invalid)
    __mathlib_dbl_underflow                  0x08005319   Thumb Code    24  dunder.o(i.__mathlib_dbl_underflow)
    _normalizeAngle                          0x08005339   Thumb Code    54  svpwm.o(i._normalizeAngle)
    bsp_as5600_1_GetAngle                    0x0800537d   Thumb Code   112  as5600.o(i.bsp_as5600_1_GetAngle)
    bsp_as5600_1_GetRawAngle                 0x08005401   Thumb Code    76  as5600.o(i.bsp_as5600_1_GetRawAngle)
    bsp_as5600_1_Init                        0x08005455   Thumb Code    56  as5600.o(i.bsp_as5600_1_Init)
    bsp_as5600_2_GetAngle                    0x08005499   Thumb Code   112  as5600.o(i.bsp_as5600_2_GetAngle)
    bsp_as5600_2_GetRawAngle                 0x0800551d   Thumb Code    78  as5600.o(i.bsp_as5600_2_GetRawAngle)
    bsp_as5600_2_Init                        0x08005575   Thumb Code    56  as5600.o(i.bsp_as5600_2_Init)
    fabs                                     0x080055b9   Thumb Code    24  fabs.o(i.fabs)
    main                                     0x080055d1   Thumb Code   386  main.o(i.main)
    micro_5us                                0x08005795   Thumb Code     8  micro_5ms.o(i.micro_5us)
    s0_GetAcceleration                       0x080057a1   Thumb Code   136  acceleration.o(i.s0_GetAcceleration)
    s0_GetAcceleration_Filtered              0x08005839   Thumb Code    16  acceleration.o(i.s0_GetAcceleration_Filtered)
    s0_GetVelocity                           0x0800584d   Thumb Code   140  svpwm.o(i.s0_GetVelocity)
    s0_GetVelocity_Filtered                  0x080058e9   Thumb Code    16  svpwm.o(i.s0_GetVelocity_Filtered)
    s1_GetAcceleration                       0x080058fd   Thumb Code   140  acceleration.o(i.s1_GetAcceleration)
    s1_GetAcceleration_Filtered              0x08005999   Thumb Code    16  acceleration.o(i.s1_GetAcceleration_Filtered)
    s1_GetVelocity                           0x080059ad   Thumb Code   140  svpwm.o(i.s1_GetVelocity)
    s1_GetVelocity_Filtered                  0x08005a49   Thumb Code    16  svpwm.o(i.s1_GetVelocity_Filtered)
    set_MAX_AcAcceleration_M0                0x08005a5d   Thumb Code     8  acceleration.o(i.set_MAX_AcAcceleration_M0)
    set_MAX_AcAcceleration_M1                0x08005a69   Thumb Code     8  acceleration.o(i.set_MAX_AcAcceleration_M1)
    set_MAX_Acceleration_M0                  0x08005a75   Thumb Code     8  svpwm.o(i.set_MAX_Acceleration_M0)
    set_MAX_Acceleration_M1                  0x08005a81   Thumb Code     8  svpwm.o(i.set_MAX_Acceleration_M1)
    set_MAX_Velocity_M0                      0x08005a8d   Thumb Code     8  svpwm.o(i.set_MAX_Velocity_M0)
    set_MAX_Velocity_M1                      0x08005a99   Thumb Code     8  svpwm.o(i.set_MAX_Velocity_M1)
    __aeabi_dneg                             0x08005aa5   Thumb Code     0  basic.o(x$fpl$basic)
    _dneg                                    0x08005aa5   Thumb Code     6  basic.o(x$fpl$basic)
    __aeabi_fneg                             0x08005aab   Thumb Code     0  basic.o(x$fpl$basic)
    _fneg                                    0x08005aab   Thumb Code     6  basic.o(x$fpl$basic)
    _dabs                                    0x08005ab1   Thumb Code     6  basic.o(x$fpl$basic)
    _fabs                                    0x08005ab7   Thumb Code     6  basic.o(x$fpl$basic)
    __aeabi_d2f                              0x08005abd   Thumb Code     0  d2f.o(x$fpl$d2f)
    _d2f                                     0x08005abd   Thumb Code    98  d2f.o(x$fpl$d2f)
    __aeabi_dadd                             0x08005b21   Thumb Code     0  daddsub_clz.o(x$fpl$dadd)
    _dadd                                    0x08005b21   Thumb Code   332  daddsub_clz.o(x$fpl$dadd)
    __fpl_dcmp_Inf                           0x08005c71   Thumb Code    24  dcmpi.o(x$fpl$dcmpinf)
    __aeabi_ddiv                             0x08005c89   Thumb Code     0  ddiv.o(x$fpl$ddiv)
    _ddiv                                    0x08005c89   Thumb Code   552  ddiv.o(x$fpl$ddiv)
    __aeabi_d2iz                             0x08005f39   Thumb Code     0  dfix.o(x$fpl$dfix)
    _dfix                                    0x08005f39   Thumb Code    94  dfix.o(x$fpl$dfix)
    __aeabi_i2d                              0x08005f97   Thumb Code     0  dflt_clz.o(x$fpl$dflt)
    _dflt                                    0x08005f97   Thumb Code    46  dflt_clz.o(x$fpl$dflt)
    __aeabi_ui2d                             0x08005fc5   Thumb Code     0  dflt_clz.o(x$fpl$dfltu)
    _dfltu                                   0x08005fc5   Thumb Code    38  dflt_clz.o(x$fpl$dfltu)
    __aeabi_cdcmple                          0x08005fed   Thumb Code     0  dleqf.o(x$fpl$dleqf)
    _dcmple                                  0x08005fed   Thumb Code   120  dleqf.o(x$fpl$dleqf)
    __fpl_dcmple_InfNaN                      0x0800604f   Thumb Code     0  dleqf.o(x$fpl$dleqf)
    __aeabi_dmul                             0x08006065   Thumb Code     0  dmul.o(x$fpl$dmul)
    _dmul                                    0x08006065   Thumb Code   332  dmul.o(x$fpl$dmul)
    __fpl_dnaninf                            0x080061b9   Thumb Code   156  dnaninf.o(x$fpl$dnaninf)
    _drem                                    0x08006255   Thumb Code   328  drem_clz.o(x$fpl$drem)
    __fpl_dretinf                            0x080063a5   Thumb Code    12  dretinf.o(x$fpl$dretinf)
    __aeabi_cdrcmple                         0x080063b1   Thumb Code     0  drleqf.o(x$fpl$drleqf)
    _drcmple                                 0x080063b1   Thumb Code   108  drleqf.o(x$fpl$drleqf)
    __aeabi_drsub                            0x0800641d   Thumb Code     0  daddsub_clz.o(x$fpl$drsb)
    _drsb                                    0x0800641d   Thumb Code    22  daddsub_clz.o(x$fpl$drsb)
    __aeabi_dsub                             0x08006435   Thumb Code     0  daddsub_clz.o(x$fpl$dsub)
    _dsub                                    0x08006435   Thumb Code   464  daddsub_clz.o(x$fpl$dsub)
    __aeabi_f2d                              0x08006609   Thumb Code     0  f2d.o(x$fpl$f2d)
    _f2d                                     0x08006609   Thumb Code    86  f2d.o(x$fpl$f2d)
    __aeabi_ul2f                             0x0800665f   Thumb Code     0  ffltll_clz.o(x$fpl$ffltll)
    _ll_uto_f                                0x0800665f   Thumb Code     6  ffltll_clz.o(x$fpl$ffltll)
    __aeabi_l2f                              0x08006665   Thumb Code     0  ffltll_clz.o(x$fpl$ffltll)
    _ll_sto_f                                0x08006665   Thumb Code    90  ffltll_clz.o(x$fpl$ffltll)
    __fpl_fnaninf                            0x080066bf   Thumb Code   140  fnaninf.o(x$fpl$fnaninf)
    _fp_init                                 0x0800674b   Thumb Code    10  fpinit.o(x$fpl$fpinit)
    __fplib_config_fpu_vfp                   0x08006753   Thumb Code     0  fpinit.o(x$fpl$fpinit)
    __fplib_config_pureend_doubles           0x08006753   Thumb Code     0  fpinit.o(x$fpl$fpinit)
    __fpl_fretinf                            0x08006755   Thumb Code    10  fretinf.o(x$fpl$fretinf)
    __I$use$fp                               0x0800675e   Number         0  usenofp.o(x$fpl$usenofp)
    AHBPrescTable                            0x08006766   Data          16  system_stm32f4xx.o(.constdata)
    APBPrescTable                            0x08006776   Data           8  system_stm32f4xx.o(.constdata)
    Region$$Table$$Base                      0x080068a0   Number         0  anon$$obj.o(Region$$Table)
    Region$$Table$$Limit                     0x080068c0   Number         0  anon$$obj.o(Region$$Table)
    REAL_TIME                                0x20000098   Data           8  main.o(.data)
    uwTickFreq                               0x200000a0   Data           1  stm32f4xx_hal.o(.data)
    uwTickPrio                               0x200000a4   Data           4  stm32f4xx_hal.o(.data)
    uwTick                                   0x200000a8   Data           4  stm32f4xx_hal.o(.data)
    SystemCoreClock                          0x200000ac   Data           4  system_stm32f4xx.o(.data)
    hadc1                                    0x20000210   Data          72  adc.o(.bss)
    hadc2                                    0x20000258   Data          72  adc.o(.bss)
    hi2c1                                    0x200002a0   Data          84  i2c.o(.bss)
    hi2c2                                    0x200002f4   Data          84  i2c.o(.bss)
    hdma_i2c1_rx                             0x20000348   Data          96  i2c.o(.bss)
    hdma_i2c1_tx                             0x200003a8   Data          96  i2c.o(.bss)
    hdma_i2c2_rx                             0x20000408   Data          96  i2c.o(.bss)
    hdma_i2c2_tx                             0x20000468   Data          96  i2c.o(.bss)
    hiwdg                                    0x200004c8   Data          12  iwdg.o(.bss)
    htim2                                    0x200004d4   Data          72  tim.o(.bss)
    htim3                                    0x2000051c   Data          72  tim.o(.bss)
    htim5                                    0x20000564   Data          72  tim.o(.bss)
    huart1                                   0x200005ac   Data          68  usart.o(.bss)
    __libspace_start                         0x200005f0   Data          96  libspace.o(.bss)
    __temporary_stack_top$libspace           0x20000650   Data           0  libspace.o(.bss)



==============================================================================

Memory Map of the image

  Image Entry point : 0x08000189

  Load Region LR_IROM1 (Base: 0x08000000, Size: 0x00006970, Max: 0x00080000, ABSOLUTE)

    Execution Region ER_IROM1 (Exec base: 0x08000000, Load base: 0x08000000, Size: 0x000068c0, Max: 0x00080000, ABSOLUTE)

    Exec Addr    Load Addr    Size         Type   Attr      Idx    E Section Name        Object

    0x08000000   0x08000000   0x00000188   Data   RO            3    RESET               startup_stm32f407xx.o
    0x08000188   0x08000188   0x00000008   Code   RO         4479  * !!!main             c_w.l(__main.o)
    0x08000190   0x08000190   0x00000034   Code   RO         4768    !!!scatter          c_w.l(__scatter.o)
    0x080001c4   0x080001c4   0x0000001a   Code   RO         4770    !!handler_copy      c_w.l(__scatter_copy.o)
    0x080001de   0x080001de   0x00000002   PAD
    0x080001e0   0x080001e0   0x0000001c   Code   RO         4772    !!handler_zi        c_w.l(__scatter_zi.o)
    0x080001fc   0x080001fc   0x00000002   Code   RO         4639    .ARM.Collect$$libinit$$00000000  c_w.l(libinit.o)
    0x080001fe   0x080001fe   0x00000004   Code   RO         4650    .ARM.Collect$$libinit$$00000001  c_w.l(libinit2.o)
    0x08000202   0x08000202   0x00000000   Code   RO         4653    .ARM.Collect$$libinit$$00000004  c_w.l(libinit2.o)
    0x08000202   0x08000202   0x00000000   Code   RO         4656    .ARM.Collect$$libinit$$0000000A  c_w.l(libinit2.o)
    0x08000202   0x08000202   0x00000000   Code   RO         4658    .ARM.Collect$$libinit$$0000000C  c_w.l(libinit2.o)
    0x08000202   0x08000202   0x00000000   Code   RO         4660    .ARM.Collect$$libinit$$0000000E  c_w.l(libinit2.o)
    0x08000202   0x08000202   0x00000000   Code   RO         4663    .ARM.Collect$$libinit$$00000011  c_w.l(libinit2.o)
    0x08000202   0x08000202   0x00000000   Code   RO         4665    .ARM.Collect$$libinit$$00000013  c_w.l(libinit2.o)
    0x08000202   0x08000202   0x00000000   Code   RO         4667    .ARM.Collect$$libinit$$00000015  c_w.l(libinit2.o)
    0x08000202   0x08000202   0x00000000   Code   RO         4669    .ARM.Collect$$libinit$$00000017  c_w.l(libinit2.o)
    0x08000202   0x08000202   0x00000000   Code   RO         4671    .ARM.Collect$$libinit$$00000019  c_w.l(libinit2.o)
    0x08000202   0x08000202   0x00000000   Code   RO         4673    .ARM.Collect$$libinit$$0000001B  c_w.l(libinit2.o)
    0x08000202   0x08000202   0x00000000   Code   RO         4675    .ARM.Collect$$libinit$$0000001D  c_w.l(libinit2.o)
    0x08000202   0x08000202   0x00000000   Code   RO         4677    .ARM.Collect$$libinit$$0000001F  c_w.l(libinit2.o)
    0x08000202   0x08000202   0x00000000   Code   RO         4679    .ARM.Collect$$libinit$$00000021  c_w.l(libinit2.o)
    0x08000202   0x08000202   0x00000000   Code   RO         4681    .ARM.Collect$$libinit$$00000023  c_w.l(libinit2.o)
    0x08000202   0x08000202   0x00000000   Code   RO         4683    .ARM.Collect$$libinit$$00000025  c_w.l(libinit2.o)
    0x08000202   0x08000202   0x00000000   Code   RO         4687    .ARM.Collect$$libinit$$0000002C  c_w.l(libinit2.o)
    0x08000202   0x08000202   0x00000000   Code   RO         4689    .ARM.Collect$$libinit$$0000002E  c_w.l(libinit2.o)
    0x08000202   0x08000202   0x00000000   Code   RO         4691    .ARM.Collect$$libinit$$00000030  c_w.l(libinit2.o)
    0x08000202   0x08000202   0x00000000   Code   RO         4693    .ARM.Collect$$libinit$$00000032  c_w.l(libinit2.o)
    0x08000202   0x08000202   0x00000002   Code   RO         4694    .ARM.Collect$$libinit$$00000033  c_w.l(libinit2.o)
    0x08000204   0x08000204   0x00000002   Code   RO         4725    .ARM.Collect$$libshutdown$$00000000  c_w.l(libshutdown.o)
    0x08000206   0x08000206   0x00000000   Code   RO         4751    .ARM.Collect$$libshutdown$$00000002  c_w.l(libshutdown2.o)
    0x08000206   0x08000206   0x00000000   Code   RO         4753    .ARM.Collect$$libshutdown$$00000004  c_w.l(libshutdown2.o)
    0x08000206   0x08000206   0x00000000   Code   RO         4756    .ARM.Collect$$libshutdown$$00000007  c_w.l(libshutdown2.o)
    0x08000206   0x08000206   0x00000000   Code   RO         4759    .ARM.Collect$$libshutdown$$0000000A  c_w.l(libshutdown2.o)
    0x08000206   0x08000206   0x00000000   Code   RO         4761    .ARM.Collect$$libshutdown$$0000000C  c_w.l(libshutdown2.o)
    0x08000206   0x08000206   0x00000000   Code   RO         4764    .ARM.Collect$$libshutdown$$0000000F  c_w.l(libshutdown2.o)
    0x08000206   0x08000206   0x00000002   Code   RO         4765    .ARM.Collect$$libshutdown$$00000010  c_w.l(libshutdown2.o)
    0x08000208   0x08000208   0x00000000   Code   RO         4539    .ARM.Collect$$rtentry$$00000000  c_w.l(__rtentry.o)
    0x08000208   0x08000208   0x00000000   Code   RO         4590    .ARM.Collect$$rtentry$$00000002  c_w.l(__rtentry2.o)
    0x08000208   0x08000208   0x00000006   Code   RO         4602    .ARM.Collect$$rtentry$$00000004  c_w.l(__rtentry4.o)
    0x0800020e   0x0800020e   0x00000000   Code   RO         4592    .ARM.Collect$$rtentry$$00000009  c_w.l(__rtentry2.o)
    0x0800020e   0x0800020e   0x00000004   Code   RO         4593    .ARM.Collect$$rtentry$$0000000A  c_w.l(__rtentry2.o)
    0x08000212   0x08000212   0x00000000   Code   RO         4595    .ARM.Collect$$rtentry$$0000000C  c_w.l(__rtentry2.o)
    0x08000212   0x08000212   0x00000008   Code   RO         4596    .ARM.Collect$$rtentry$$0000000D  c_w.l(__rtentry2.o)
    0x0800021a   0x0800021a   0x00000002   Code   RO         4642    .ARM.Collect$$rtexit$$00000000  c_w.l(rtexit.o)
    0x0800021c   0x0800021c   0x00000000   Code   RO         4698    .ARM.Collect$$rtexit$$00000002  c_w.l(rtexit2.o)
    0x0800021c   0x0800021c   0x00000004   Code   RO         4699    .ARM.Collect$$rtexit$$00000003  c_w.l(rtexit2.o)
    0x08000220   0x08000220   0x00000006   Code   RO         4700    .ARM.Collect$$rtexit$$00000004  c_w.l(rtexit2.o)
    0x08000226   0x08000226   0x00000002   PAD
    0x08000228   0x08000228   0x00000040   Code   RO            4    .text               startup_stm32f407xx.o
    0x08000268   0x08000268   0x000000ee   Code   RO         4471    .text               c_w.l(lludivv7m.o)
    0x08000356   0x08000356   0x00000064   Code   RO         4473    .text               c_w.l(rt_memcpy_w.o)
    0x080003ba   0x080003ba   0x0000004e   Code   RO         4475    .text               c_w.l(rt_memclr_w.o)
    0x08000408   0x08000408   0x00000006   Code   RO         4477    .text               c_w.l(heapauxi.o)
    0x0800040e   0x0800040e   0x00000016   Code   RO         4544    .text               c_w.l(_rserrno.o)
    0x08000424   0x08000424   0x00000008   Code   RO         4609    .text               c_w.l(rt_errno_addr_intlibspace.o)
    0x0800042c   0x0800042c   0x00000008   Code   RO         4623    .text               c_w.l(libspace.o)
    0x08000434   0x08000434   0x0000004a   Code   RO         4626    .text               c_w.l(sys_stackheap_outer.o)
    0x0800047e   0x0800047e   0x00000012   Code   RO         4628    .text               c_w.l(exit.o)
    0x08000490   0x08000490   0x0000000c   Code   RO         4695    .text               c_w.l(sys_exit.o)
    0x0800049c   0x0800049c   0x00000002   Code   RO         4714    .text               c_w.l(use_no_semi.o)
    0x0800049e   0x0800049e   0x00000000   Code   RO         4716    .text               c_w.l(indicate_semi.o)
    0x0800049e   0x0800049e   0x00000002   PAD
    0x080004a0   0x080004a0   0x00000128   Code   RO         1217    i.ADC_Init          stm32f4xx_hal_adc.o
    0x080005c8   0x080005c8   0x00000048   Code   RO          585    i.Acceleration_PIDInit_M0  acceleration.o
    0x08000610   0x08000610   0x00000048   Code   RO          586    i.Acceleration_PIDInit_M1  acceleration.o
    0x08000658   0x08000658   0x00000028   Code   RO          587    i.Acl_LowPass_FilterInit_M0  acceleration.o
    0x08000680   0x08000680   0x00000028   Code   RO          588    i.Acl_LowPass_FilterInit_M1  acceleration.o
    0x080006a8   0x080006a8   0x00000048   Code   RO          303    i.Angle_PIDInit_M0  svpwm.o
    0x080006f0   0x080006f0   0x00000048   Code   RO          304    i.Angle_PIDInit_M1  svpwm.o
    0x08000738   0x08000738   0x00000002   Code   RO         1060    i.BusFault_Handler  stm32f4xx_it.o
    0x0800073a   0x0800073a   0x00000002   PAD
    0x0800073c   0x0800073c   0x00000058   Code   RO          549    i.Calculate_CarDisPlacement  routine.o
    0x08000794   0x08000794   0x0000000c   Code   RO         1061    i.DMA1_Stream0_IRQHandler  stm32f4xx_it.o
    0x080007a0   0x080007a0   0x0000000c   Code   RO         1062    i.DMA1_Stream2_IRQHandler  stm32f4xx_it.o
    0x080007ac   0x080007ac   0x0000000c   Code   RO         1063    i.DMA1_Stream6_IRQHandler  stm32f4xx_it.o
    0x080007b8   0x080007b8   0x0000000c   Code   RO         1064    i.DMA1_Stream7_IRQHandler  stm32f4xx_it.o
    0x080007c4   0x080007c4   0x00000028   Code   RO         1951    i.DMA_CalcBaseAndBitshift  stm32f4xx_hal_dma.o
    0x080007ec   0x080007ec   0x00000054   Code   RO         1952    i.DMA_CheckFifoParam  stm32f4xx_hal_dma.o
    0x08000840   0x08000840   0x00000028   Code   RO         1953    i.DMA_SetConfig     stm32f4xx_hal_dma.o
    0x08000868   0x08000868   0x00000002   Code   RO         1065    i.DebugMon_Handler  stm32f4xx_it.o
    0x0800086a   0x0800086a   0x00000004   Code   RO          713    i.Error_Handler     main.o
    0x0800086e   0x0800086e   0x00000002   PAD
    0x08000870   0x08000870   0x0000000c   Code   RO          305    i.Get_Angle_PID_M0  svpwm.o
    0x0800087c   0x0800087c   0x0000000c   Code   RO          306    i.Get_Angle_PID_M1  svpwm.o
    0x08000888   0x08000888   0x0000000c   Code   RO          307    i.Get_Velocity_PID_M0  svpwm.o
    0x08000894   0x08000894   0x0000000c   Code   RO          308    i.Get_Velocity_PID_M1  svpwm.o
    0x080008a0   0x080008a0   0x0000014c   Code   RO         1219    i.HAL_ADC_ConfigChannel  stm32f4xx_hal_adc.o
    0x080009ec   0x080009ec   0x00000054   Code   RO         1228    i.HAL_ADC_Init      stm32f4xx_hal_adc.o
    0x08000a40   0x08000a40   0x00000090   Code   RO          809    i.HAL_ADC_MspInit   adc.o
    0x08000ad0   0x08000ad0   0x000000aa   Code   RO         1232    i.HAL_ADC_PollForConversion  stm32f4xx_hal_adc.o
    0x08000b7a   0x08000b7a   0x00000002   PAD
    0x08000b7c   0x08000b7c   0x000000fc   Code   RO         1234    i.HAL_ADC_Start     stm32f4xx_hal_adc.o
    0x08000c78   0x08000c78   0x00000024   Code   RO         1955    i.HAL_DMA_Abort_IT  stm32f4xx_hal_dma.o
    0x08000c9c   0x08000c9c   0x00000004   Code   RO         1957    i.HAL_DMA_GetError  stm32f4xx_hal_dma.o
    0x08000ca0   0x08000ca0   0x00000006   Code   RO         1958    i.HAL_DMA_GetState  stm32f4xx_hal_dma.o
    0x08000ca6   0x08000ca6   0x00000002   PAD
    0x08000ca8   0x08000ca8   0x000001a0   Code   RO         1959    i.HAL_DMA_IRQHandler  stm32f4xx_hal_dma.o
    0x08000e48   0x08000e48   0x000000d4   Code   RO         1960    i.HAL_DMA_Init      stm32f4xx_hal_dma.o
    0x08000f1c   0x08000f1c   0x0000006e   Code   RO         1964    i.HAL_DMA_Start_IT  stm32f4xx_hal_dma.o
    0x08000f8a   0x08000f8a   0x00000002   PAD
    0x08000f8c   0x08000f8c   0x000001f0   Code   RO         1847    i.HAL_GPIO_Init     stm32f4xx_hal_gpio.o
    0x0800117c   0x0800117c   0x0000000a   Code   RO         1851    i.HAL_GPIO_WritePin  stm32f4xx_hal_gpio.o
    0x08001186   0x08001186   0x00000002   PAD
    0x08001188   0x08001188   0x0000000c   Code   RO         2379    i.HAL_GetTick       stm32f4xx_hal.o
    0x08001194   0x08001194   0x00000002   Code   RO         2624    i.HAL_I2C_AbortCpltCallback  stm32f4xx_hal_i2c.o
    0x08001196   0x08001196   0x00000002   Code   RO         2625    i.HAL_I2C_AddrCallback  stm32f4xx_hal_i2c.o
    0x08001198   0x08001198   0x000000ba   Code   RO         2628    i.HAL_I2C_ER_IRQHandler  stm32f4xx_hal_i2c.o
    0x08001252   0x08001252   0x00000230   Code   RO         2629    i.HAL_I2C_EV_IRQHandler  stm32f4xx_hal_i2c.o
    0x08001482   0x08001482   0x00000002   Code   RO         2631    i.HAL_I2C_ErrorCallback  stm32f4xx_hal_i2c.o
    0x08001484   0x08001484   0x00000188   Code   RO         2635    i.HAL_I2C_Init      stm32f4xx_hal_i2c.o
    0x0800160c   0x0800160c   0x00000002   Code   RO         2637    i.HAL_I2C_ListenCpltCallback  stm32f4xx_hal_i2c.o
    0x0800160e   0x0800160e   0x00000002   PAD
    0x08001610   0x08001610   0x00000024   Code   RO           13    i.HAL_I2C_MasterRxCpltCallback  as5600.o
    0x08001634   0x08001634   0x00000024   Code   RO           14    i.HAL_I2C_MasterTxCpltCallback  as5600.o
    0x08001658   0x08001658   0x00000160   Code   RO         2642    i.HAL_I2C_Master_Receive_DMA  stm32f4xx_hal_i2c.o
    0x080017b8   0x080017b8   0x00000160   Code   RO         2649    i.HAL_I2C_Master_Transmit_DMA  stm32f4xx_hal_i2c.o
    0x08001918   0x08001918   0x00000002   Code   RO         2651    i.HAL_I2C_MemRxCpltCallback  stm32f4xx_hal_i2c.o
    0x0800191a   0x0800191a   0x00000002   Code   RO         2652    i.HAL_I2C_MemTxCpltCallback  stm32f4xx_hal_i2c.o
    0x0800191c   0x0800191c   0x000001b8   Code   RO          881    i.HAL_I2C_MspInit   i2c.o
    0x08001ad4   0x08001ad4   0x00000002   Code   RO         2661    i.HAL_I2C_SlaveRxCpltCallback  stm32f4xx_hal_i2c.o
    0x08001ad6   0x08001ad6   0x00000002   Code   RO         2662    i.HAL_I2C_SlaveTxCpltCallback  stm32f4xx_hal_i2c.o
    0x08001ad8   0x08001ad8   0x0000005a   Code   RO         3074    i.HAL_IWDG_Init     stm32f4xx_hal_iwdg.o
    0x08001b32   0x08001b32   0x0000000c   Code   RO         3075    i.HAL_IWDG_Refresh  stm32f4xx_hal_iwdg.o
    0x08001b3e   0x08001b3e   0x00000002   PAD
    0x08001b40   0x08001b40   0x00000010   Code   RO         2385    i.HAL_IncTick       stm32f4xx_hal.o
    0x08001b50   0x08001b50   0x00000034   Code   RO         2386    i.HAL_Init          stm32f4xx_hal.o
    0x08001b84   0x08001b84   0x00000040   Code   RO         2387    i.HAL_InitTick      stm32f4xx_hal.o
    0x08001bc4   0x08001bc4   0x00000030   Code   RO         1190    i.HAL_MspInit       stm32f4xx_hal_msp.o
    0x08001bf4   0x08001bf4   0x0000001a   Code   RO         2236    i.HAL_NVIC_EnableIRQ  stm32f4xx_hal_cortex.o
    0x08001c0e   0x08001c0e   0x00000002   PAD
    0x08001c10   0x08001c10   0x00000040   Code   RO         2242    i.HAL_NVIC_SetPriority  stm32f4xx_hal_cortex.o
    0x08001c50   0x08001c50   0x00000024   Code   RO         2243    i.HAL_NVIC_SetPriorityGrouping  stm32f4xx_hal_cortex.o
    0x08001c74   0x08001c74   0x00000134   Code   RO         1493    i.HAL_RCC_ClockConfig  stm32f4xx_hal_rcc.o
    0x08001da8   0x08001da8   0x00000020   Code   RO         1500    i.HAL_RCC_GetPCLK1Freq  stm32f4xx_hal_rcc.o
    0x08001dc8   0x08001dc8   0x00000020   Code   RO         1501    i.HAL_RCC_GetPCLK2Freq  stm32f4xx_hal_rcc.o
    0x08001de8   0x08001de8   0x00000064   Code   RO         1502    i.HAL_RCC_GetSysClockFreq  stm32f4xx_hal_rcc.o
    0x08001e4c   0x08001e4c   0x0000036c   Code   RO         1505    i.HAL_RCC_OscConfig  stm32f4xx_hal_rcc.o
    0x080021b8   0x080021b8   0x00000028   Code   RO         2247    i.HAL_SYSTICK_Config  stm32f4xx_hal_cortex.o
    0x080021e0   0x080021e0   0x00000002   Code   RO         3810    i.HAL_TIMEx_BreakCallback  stm32f4xx_hal_tim_ex.o
    0x080021e2   0x080021e2   0x00000002   Code   RO         3811    i.HAL_TIMEx_CommutCallback  stm32f4xx_hal_tim_ex.o
    0x080021e4   0x080021e4   0x00000090   Code   RO         3829    i.HAL_TIMEx_MasterConfigSynchronization  stm32f4xx_hal_tim_ex.o
    0x08002274   0x08002274   0x0000005a   Code   RO         3106    i.HAL_TIM_Base_Init  stm32f4xx_hal_tim.o
    0x080022ce   0x080022ce   0x00000002   PAD
    0x080022d0   0x080022d0   0x0000006c   Code   RO          959    i.HAL_TIM_Base_MspInit  tim.o
    0x0800233c   0x0800233c   0x00000080   Code   RO         3111    i.HAL_TIM_Base_Start_IT  stm32f4xx_hal_tim.o
    0x080023bc   0x080023bc   0x000000dc   Code   RO         3115    i.HAL_TIM_ConfigClockSource  stm32f4xx_hal_tim.o
    0x08002498   0x08002498   0x00000002   Code   RO         3140    i.HAL_TIM_IC_CaptureCallback  stm32f4xx_hal_tim.o
    0x0800249a   0x0800249a   0x00000166   Code   RO         3154    i.HAL_TIM_IRQHandler  stm32f4xx_hal_tim.o
    0x08002600   0x08002600   0x000000d0   Code   RO          960    i.HAL_TIM_MspPostInit  tim.o
    0x080026d0   0x080026d0   0x00000002   Code   RO         3157    i.HAL_TIM_OC_DelayElapsedCallback  stm32f4xx_hal_tim.o
    0x080026d2   0x080026d2   0x000000cc   Code   RO         3178    i.HAL_TIM_PWM_ConfigChannel  stm32f4xx_hal_tim.o
    0x0800279e   0x0800279e   0x0000005a   Code   RO         3181    i.HAL_TIM_PWM_Init  stm32f4xx_hal_tim.o
    0x080027f8   0x080027f8   0x00000002   Code   RO         3183    i.HAL_TIM_PWM_MspInit  stm32f4xx_hal_tim.o
    0x080027fa   0x080027fa   0x00000002   Code   RO         3184    i.HAL_TIM_PWM_PulseFinishedCallback  stm32f4xx_hal_tim.o
    0x080027fc   0x080027fc   0x000000c8   Code   RO         3186    i.HAL_TIM_PWM_Start  stm32f4xx_hal_tim.o
    0x080028c4   0x080028c4   0x00000020   Code   RO          714    i.HAL_TIM_PeriodElapsedCallback  main.o
    0x080028e4   0x080028e4   0x00000002   Code   RO         3197    i.HAL_TIM_TriggerCallback  stm32f4xx_hal_tim.o
    0x080028e6   0x080028e6   0x00000062   Code   RO         4106    i.HAL_UART_Init     stm32f4xx_hal_uart.o
    0x08002948   0x08002948   0x0000006c   Code   RO         1019    i.HAL_UART_MspInit  usart.o
    0x080029b4   0x080029b4   0x00000002   Code   RO         1066    i.HardFault_Handler  stm32f4xx_it.o
    0x080029b6   0x080029b6   0x00000002   PAD
    0x080029b8   0x080029b8   0x0000000c   Code   RO         1067    i.I2C1_ER_IRQHandler  stm32f4xx_it.o
    0x080029c4   0x080029c4   0x0000000c   Code   RO         1068    i.I2C1_EV_IRQHandler  stm32f4xx_it.o
    0x080029d0   0x080029d0   0x0000000c   Code   RO         1069    i.I2C2_ER_IRQHandler  stm32f4xx_it.o
    0x080029dc   0x080029dc   0x0000000c   Code   RO         1070    i.I2C2_EV_IRQHandler  stm32f4xx_it.o
    0x080029e8   0x080029e8   0x000000bc   Code   RO         2673    i.I2C_DMAAbort      stm32f4xx_hal_i2c.o
    0x08002aa4   0x08002aa4   0x00000040   Code   RO         2674    i.I2C_DMAError      stm32f4xx_hal_i2c.o
    0x08002ae4   0x08002ae4   0x0000010a   Code   RO         2675    i.I2C_DMAXferCplt   stm32f4xx_hal_i2c.o
    0x08002bee   0x08002bee   0x00000002   PAD
    0x08002bf0   0x08002bf0   0x00000158   Code   RO         2676    i.I2C_ITError       stm32f4xx_hal_i2c.o
    0x08002d48   0x08002d48   0x000000d2   Code   RO         2678    i.I2C_MasterReceive_BTF  stm32f4xx_hal_i2c.o
    0x08002e1a   0x08002e1a   0x00000002   PAD
    0x08002e1c   0x08002e1c   0x000000e8   Code   RO         2679    i.I2C_MasterReceive_RXNE  stm32f4xx_hal_i2c.o
    0x08002f04   0x08002f04   0x00000082   Code   RO         2682    i.I2C_MasterTransmit_BTF  stm32f4xx_hal_i2c.o
    0x08002f86   0x08002f86   0x00000002   PAD
    0x08002f88   0x08002f88   0x000000b6   Code   RO         2683    i.I2C_MasterTransmit_TXE  stm32f4xx_hal_i2c.o
    0x0800303e   0x0800303e   0x00000002   PAD
    0x08003040   0x08003040   0x00000118   Code   RO         2684    i.I2C_Master_ADDR   stm32f4xx_hal_i2c.o
    0x08003158   0x08003158   0x0000008c   Code   RO         2685    i.I2C_Master_SB     stm32f4xx_hal_i2c.o
    0x080031e4   0x080031e4   0x000000a0   Code   RO         2686    i.I2C_MemoryTransmit_TXE_BTF  stm32f4xx_hal_i2c.o
    0x08003284   0x08003284   0x00000046   Code   RO         2689    i.I2C_Slave_ADDR    stm32f4xx_hal_i2c.o
    0x080032ca   0x080032ca   0x00000002   PAD
    0x080032cc   0x080032cc   0x00000084   Code   RO         2690    i.I2C_Slave_AF      stm32f4xx_hal_i2c.o
    0x08003350   0x08003350   0x0000015c   Code   RO         2691    i.I2C_Slave_STOPF   stm32f4xx_hal_i2c.o
    0x080034ac   0x080034ac   0x00000090   Code   RO          525    i.LowPass_Filter    lowpass_filter.o
    0x0800353c   0x0800353c   0x00000068   Code   RO          593    i.M0_Set_Acceleration_Velocity_Angle  acceleration.o
    0x080035a4   0x080035a4   0x00000110   Code   RO          311    i.M0_setPwm         svpwm.o
    0x080036b4   0x080036b4   0x00000208   Code   RO          312    i.M0_setTorque      svpwm.o
    0x080038bc   0x080038bc   0x00000068   Code   RO          596    i.M1_Set_Acceleration_Velocity_Angle  acceleration.o
    0x08003924   0x08003924   0x00000110   Code   RO          316    i.M1_setPwm         svpwm.o
    0x08003a34   0x08003a34   0x00000208   Code   RO          317    i.M1_setTorque      svpwm.o
    0x08003c3c   0x08003c3c   0x00000064   Code   RO          810    i.MX_ADC1_Init      adc.o
    0x08003ca0   0x08003ca0   0x00000064   Code   RO          811    i.MX_ADC2_Init      adc.o
    0x08003d04   0x08003d04   0x0000005c   Code   RO          856    i.MX_DMA_Init       dma.o
    0x08003d60   0x08003d60   0x000000a4   Code   RO          784    i.MX_GPIO_Init      gpio.o
    0x08003e04   0x08003e04   0x00000040   Code   RO          882    i.MX_I2C1_Init      i2c.o
    0x08003e44   0x08003e44   0x00000040   Code   RO          883    i.MX_I2C2_Init      i2c.o
    0x08003e84   0x08003e84   0x0000002c   Code   RO          928    i.MX_IWDG_Init      iwdg.o
    0x08003eb0   0x08003eb0   0x000000b8   Code   RO          961    i.MX_TIM2_Init      tim.o
    0x08003f68   0x08003f68   0x000000b8   Code   RO          962    i.MX_TIM3_Init      tim.o
    0x08004020   0x08004020   0x00000068   Code   RO          963    i.MX_TIM5_Init      tim.o
    0x08004088   0x08004088   0x00000038   Code   RO         1020    i.MX_USART1_UART_Init  usart.o
    0x080040c0   0x080040c0   0x00000002   Code   RO         1071    i.MemManage_Handler  stm32f4xx_it.o
    0x080040c2   0x080040c2   0x00000002   Code   RO         1072    i.NMI_Handler       stm32f4xx_it.o
    0x080040c4   0x080040c4   0x0000012c   Code   RO          276    i.PIDController     pid.o
    0x080041f0   0x080041f0   0x00000002   Code   RO         1073    i.PendSV_Handler    stm32f4xx_it.o
    0x080041f2   0x080041f2   0x00000002   PAD
    0x080041f4   0x080041f4   0x00000030   Code   RO          319    i.S0_electricalAngle  svpwm.o
    0x08004224   0x08004224   0x00000030   Code   RO          320    i.S1_electricalAngle  svpwm.o
    0x08004254   0x08004254   0x00000002   Code   RO         1074    i.SVC_Handler       stm32f4xx_it.o
    0x08004256   0x08004256   0x00000004   Code   RO         1075    i.SysTick_Handler   stm32f4xx_it.o
    0x0800425a   0x0800425a   0x00000002   PAD
    0x0800425c   0x0800425c   0x00000098   Code   RO          715    i.SystemClock_Config  main.o
    0x080042f4   0x080042f4   0x00000010   Code   RO         4435    i.SystemInit        system_stm32f4xx.o
    0x08004304   0x08004304   0x0000000c   Code   RO         1076    i.TIM5_IRQHandler   stm32f4xx_it.o
    0x08004310   0x08004310   0x000000c8   Code   RO         3199    i.TIM_Base_SetConfig  stm32f4xx_hal_tim.o
    0x080043d8   0x080043d8   0x0000001a   Code   RO         3200    i.TIM_CCxChannelCmd  stm32f4xx_hal_tim.o
    0x080043f2   0x080043f2   0x00000014   Code   RO         3210    i.TIM_ETR_SetConfig  stm32f4xx_hal_tim.o
    0x08004406   0x08004406   0x00000010   Code   RO         3211    i.TIM_ITRx_SetConfig  stm32f4xx_hal_tim.o
    0x08004416   0x08004416   0x00000002   PAD
    0x08004418   0x08004418   0x00000060   Code   RO         3212    i.TIM_OC1_SetConfig  stm32f4xx_hal_tim.o
    0x08004478   0x08004478   0x0000006c   Code   RO         3213    i.TIM_OC2_SetConfig  stm32f4xx_hal_tim.o
    0x080044e4   0x080044e4   0x00000068   Code   RO         3214    i.TIM_OC3_SetConfig  stm32f4xx_hal_tim.o
    0x0800454c   0x0800454c   0x00000050   Code   RO         3215    i.TIM_OC4_SetConfig  stm32f4xx_hal_tim.o
    0x0800459c   0x0800459c   0x00000022   Code   RO         3217    i.TIM_TI1_ConfigInputStage  stm32f4xx_hal_tim.o
    0x080045be   0x080045be   0x00000024   Code   RO         3219    i.TIM_TI2_ConfigInputStage  stm32f4xx_hal_tim.o
    0x080045e2   0x080045e2   0x00000002   PAD
    0x080045e4   0x080045e4   0x0000010c   Code   RO         4132    i.UART_SetConfig    stm32f4xx_hal_uart.o
    0x080046f0   0x080046f0   0x00000002   Code   RO         1077    i.UsageFault_Handler  stm32f4xx_it.o
    0x080046f2   0x080046f2   0x00000002   PAD
    0x080046f4   0x080046f4   0x00000028   Code   RO          321    i.Vel_LowPass_FilterInit_M0  svpwm.o
    0x0800471c   0x0800471c   0x00000028   Code   RO          322    i.Vel_LowPass_FilterInit_M1  svpwm.o
    0x08004744   0x08004744   0x00000048   Code   RO          323    i.Velocity_PIDInit_M0  svpwm.o
    0x0800478c   0x0800478c   0x00000048   Code   RO          324    i.Velocity_PIDInit_M1  svpwm.o
    0x080047d4   0x080047d4   0x00000030   Code   RO         4619    i.__ARM_fpclassify  m_wm.l(fpclassify.o)
    0x08004804   0x08004804   0x00000020   Code   RO         2249    i.__NVIC_SetPriority  stm32f4xx_hal_cortex.o
    0x08004824   0x08004824   0x00000004   PAD
    0x08004828   0x08004828   0x00000118   Code   RO         4509    i.__hardfp_floor    m_wm.l(floor.o)
    0x08004940   0x08004940   0x00000104   Code   RO         4515    i.__hardfp_fmod     m_wm.l(fmod.o)
    0x08004a44   0x08004a44   0x00000004   PAD
    0x08004a48   0x08004a48   0x000000c8   Code   RO         4527    i.__hardfp_sin      m_wm.l(sin.o)
    0x08004b10   0x08004b10   0x00000438   Code   RO         4578    i.__ieee754_rem_pio2  m_wm.l(rred.o)
    0x08004f48   0x08004f48   0x00000170   Code   RO         4561    i.__kernel_cos      m_wm.l(cos_i.o)
    0x080050b8   0x080050b8   0x000000f8   Code   RO         4621    i.__kernel_poly     m_wm.l(poly.o)
    0x080051b0   0x080051b0   0x00000130   Code   RO         4583    i.__kernel_sin      m_wm.l(sin_i.o)
    0x080052e0   0x080052e0   0x00000014   Code   RO         4565    i.__mathlib_dbl_infnan  m_wm.l(dunder.o)
    0x080052f4   0x080052f4   0x00000004   PAD
    0x080052f8   0x080052f8   0x00000020   Code   RO         4567    i.__mathlib_dbl_invalid  m_wm.l(dunder.o)
    0x08005318   0x08005318   0x00000020   Code   RO         4570    i.__mathlib_dbl_underflow  m_wm.l(dunder.o)
    0x08005338   0x08005338   0x00000044   Code   RO          325    i._normalizeAngle   svpwm.o
    0x0800537c   0x0800537c   0x00000084   Code   RO           15    i.bsp_as5600_1_GetAngle  as5600.o
    0x08005400   0x08005400   0x00000054   Code   RO           16    i.bsp_as5600_1_GetRawAngle  as5600.o
    0x08005454   0x08005454   0x00000044   Code   RO           17    i.bsp_as5600_1_Init  as5600.o
    0x08005498   0x08005498   0x00000084   Code   RO           18    i.bsp_as5600_2_GetAngle  as5600.o
    0x0800551c   0x0800551c   0x00000058   Code   RO           19    i.bsp_as5600_2_GetRawAngle  as5600.o
    0x08005574   0x08005574   0x00000044   Code   RO           20    i.bsp_as5600_2_Init  as5600.o
    0x080055b8   0x080055b8   0x00000018   Code   RO         4615    i.fabs              m_wm.l(fabs.o)
    0x080055d0   0x080055d0   0x000001c4   Code   RO          716    i.main              main.o
    0x08005794   0x08005794   0x0000000c   Code   RO          203    i.micro_5us         micro_5ms.o
    0x080057a0   0x080057a0   0x00000098   Code   RO          597    i.s0_GetAcceleration  acceleration.o
    0x08005838   0x08005838   0x00000014   Code   RO          598    i.s0_GetAcceleration_Filtered  acceleration.o
    0x0800584c   0x0800584c   0x0000009c   Code   RO          326    i.s0_GetVelocity    svpwm.o
    0x080058e8   0x080058e8   0x00000014   Code   RO          327    i.s0_GetVelocity_Filtered  svpwm.o
    0x080058fc   0x080058fc   0x0000009c   Code   RO          599    i.s1_GetAcceleration  acceleration.o
    0x08005998   0x08005998   0x00000014   Code   RO          600    i.s1_GetAcceleration_Filtered  acceleration.o
    0x080059ac   0x080059ac   0x0000009c   Code   RO          328    i.s1_GetVelocity    svpwm.o
    0x08005a48   0x08005a48   0x00000014   Code   RO          329    i.s1_GetVelocity_Filtered  svpwm.o
    0x08005a5c   0x08005a5c   0x0000000c   Code   RO          601    i.set_MAX_AcAcceleration_M0  acceleration.o
    0x08005a68   0x08005a68   0x0000000c   Code   RO          602    i.set_MAX_AcAcceleration_M1  acceleration.o
    0x08005a74   0x08005a74   0x0000000c   Code   RO          330    i.set_MAX_Acceleration_M0  svpwm.o
    0x08005a80   0x08005a80   0x0000000c   Code   RO          331    i.set_MAX_Acceleration_M1  svpwm.o
    0x08005a8c   0x08005a8c   0x0000000c   Code   RO          332    i.set_MAX_Velocity_M0  svpwm.o
    0x08005a98   0x08005a98   0x0000000c   Code   RO          333    i.set_MAX_Velocity_M1  svpwm.o
    0x08005aa4   0x08005aa4   0x00000018   Code   RO         4546    x$fpl$basic         fz_wm.l(basic.o)
    0x08005abc   0x08005abc   0x00000062   Code   RO         4481    x$fpl$d2f           fz_wm.l(d2f.o)
    0x08005b1e   0x08005b1e   0x00000002   PAD
    0x08005b20   0x08005b20   0x00000150   Code   RO         4483    x$fpl$dadd          fz_wm.l(daddsub_clz.o)
    0x08005c70   0x08005c70   0x00000018   Code   RO         4640    x$fpl$dcmpinf       fz_wm.l(dcmpi.o)
    0x08005c88   0x08005c88   0x000002b0   Code   RO         4490    x$fpl$ddiv          fz_wm.l(ddiv.o)
    0x08005f38   0x08005f38   0x0000005e   Code   RO         4493    x$fpl$dfix          fz_wm.l(dfix.o)
    0x08005f96   0x08005f96   0x0000002e   Code   RO         4498    x$fpl$dflt          fz_wm.l(dflt_clz.o)
    0x08005fc4   0x08005fc4   0x00000026   Code   RO         4497    x$fpl$dfltu         fz_wm.l(dflt_clz.o)
    0x08005fea   0x08005fea   0x00000002   PAD
    0x08005fec   0x08005fec   0x00000078   Code   RO         4611    x$fpl$dleqf         fz_wm.l(dleqf.o)
    0x08006064   0x08006064   0x00000154   Code   RO         4503    x$fpl$dmul          fz_wm.l(dmul.o)
    0x080061b8   0x080061b8   0x0000009c   Code   RO         4548    x$fpl$dnaninf       fz_wm.l(dnaninf.o)
    0x08006254   0x08006254   0x00000150   Code   RO         4550    x$fpl$drem          fz_wm.l(drem_clz.o)
    0x080063a4   0x080063a4   0x0000000c   Code   RO         4552    x$fpl$dretinf       fz_wm.l(dretinf.o)
    0x080063b0   0x080063b0   0x0000006c   Code   RO         4554    x$fpl$drleqf        fz_wm.l(drleqf.o)
    0x0800641c   0x0800641c   0x00000016   Code   RO         4484    x$fpl$drsb          fz_wm.l(daddsub_clz.o)
    0x08006432   0x08006432   0x00000002   PAD
    0x08006434   0x08006434   0x000001d4   Code   RO         4485    x$fpl$dsub          fz_wm.l(daddsub_clz.o)
    0x08006608   0x08006608   0x00000056   Code   RO         4505    x$fpl$f2d           fz_wm.l(f2d.o)
    0x0800665e   0x0800665e   0x00000060   Code   RO         4507    x$fpl$ffltll        fz_wm.l(ffltll_clz.o)
    0x080066be   0x080066be   0x0000008c   Code   RO         4556    x$fpl$fnaninf       fz_wm.l(fnaninf.o)
    0x0800674a   0x0800674a   0x0000000a   Code   RO         4710    x$fpl$fpinit        fz_wm.l(fpinit.o)
    0x08006754   0x08006754   0x0000000a   Code   RO         4558    x$fpl$fretinf       fz_wm.l(fretinf.o)
    0x0800675e   0x0800675e   0x00000000   Code   RO         4560    x$fpl$usenofp       fz_wm.l(usenofp.o)
    0x0800675e   0x0800675e   0x00000008   Data   RO         1966    .constdata          stm32f4xx_hal_dma.o
    0x08006766   0x08006766   0x00000010   Data   RO         4436    .constdata          system_stm32f4xx.o
    0x08006776   0x08006776   0x00000008   Data   RO         4437    .constdata          system_stm32f4xx.o
    0x0800677e   0x0800677e   0x00000002   PAD
    0x08006780   0x08006780   0x00000030   Data   RO         4562    .constdata          m_wm.l(cos_i.o)
    0x080067b0   0x080067b0   0x000000c8   Data   RO         4580    .constdata          m_wm.l(rred.o)
    0x08006878   0x08006878   0x00000028   Data   RO         4584    .constdata          m_wm.l(sin_i.o)
    0x080068a0   0x080068a0   0x00000020   Data   RO         4766    Region$$Table       anon$$obj.o


    Execution Region RW_IRAM1 (Exec base: 0x20000000, Load base: 0x080068c0, Size: 0x00000c50, Max: 0x0001c000, ABSOLUTE)

    Exec Addr    Load Addr    Size         Type   Attr      Idx    E Section Name        Object

    0x20000000   0x080068c0   0x00000024   Data   RW           21    .data               as5600.o
    0x20000024   0x080068e4   0x00000004   PAD
    0x20000028   0x080068e8   0x00000048   Data   RW          335    .data               svpwm.o
    0x20000070   0x08006930   0x00000028   Data   RW          604    .data               acceleration.o
    0x20000098   0x08006958   0x00000008   Data   RW          717    .data               main.o
    0x200000a0   0x08006960   0x0000000c   Data   RW         2393    .data               stm32f4xx_hal.o
    0x200000ac   0x0800696c   0x00000004   Data   RW         4438    .data               system_stm32f4xx.o
    0x200000b0        -       0x000000e0   Zero   RW          334    .bss                svpwm.o
    0x20000190        -       0x00000080   Zero   RW          603    .bss                acceleration.o
    0x20000210        -       0x00000090   Zero   RW          812    .bss                adc.o
    0x200002a0        -       0x00000228   Zero   RW          884    .bss                i2c.o
    0x200004c8        -       0x0000000c   Zero   RW          929    .bss                iwdg.o
    0x200004d4        -       0x000000d8   Zero   RW          964    .bss                tim.o
    0x200005ac        -       0x00000044   Zero   RW         1021    .bss                usart.o
    0x200005f0        -       0x00000060   Zero   RW         4624    .bss                c_w.l(libspace.o)
    0x20000650        -       0x00000200   Zero   RW            2    HEAP                startup_stm32f407xx.o
    0x20000850        -       0x00000400   Zero   RW            1    STACK               startup_stm32f407xx.o


    Execution Region RW_IRAM2 (Exec base: 0x2001c000, Load base: 0x08006970, Size: 0x00000000, Max: 0x00004000, ABSOLUTE)

    **** No section assigned to this execution region ****


==============================================================================

Image component sizes


      Code (inc. data)   RO Data    RW Data    ZI Data      Debug   Object Name

       804        114          0         40        128       8622   acceleration.o
       344         46          0          0        144       2378   adc.o
       644        122          0         36          0     720284   as5600.o
        92          4          0          0          0        786   dma.o
       164         12          0          0          0        959   gpio.o
       568         56          0          0        552       2698   i2c.o
        44         10          0          0         12        711   iwdg.o
       144         12          0          0          0       1177   lowpass_filter.o
       640         82          0          8          0       3924   main.o
        12          4          0          0          0        472   micro_5ms.o
       300          4          0          0          0       1984   pid.o
        88         12          0          0          0        716   routine.o
        64         26        392          0       1536        836   startup_stm32f407xx.o
       144         24          0         12          0       8725   stm32f4xx_hal.o
      1134         52          0          0          0       4643   stm32f4xx_hal_adc.o
       198         14          0          0          0      33907   stm32f4xx_hal_cortex.o
       948         16          8          0          0       7576   stm32f4xx_hal_dma.o
       506         46          0          0          0       2176   stm32f4xx_hal_gpio.o
      4604         86          0          0          0      25430   stm32f4xx_hal_i2c.o
       102          0          0          0          0       1871   stm32f4xx_hal_iwdg.o
        48          6          0          0          0        842   stm32f4xx_hal_msp.o
      1348         76          0          0          0       5204   stm32f4xx_hal_rcc.o
      2020        136          0          0          0      16774   stm32f4xx_hal_tim.o
       148         28          0          0          0       2433   stm32f4xx_hal_tim_ex.o
       366         10          0          0          0       2012   stm32f4xx_hal_uart.o
       128         54          0          0          0       8332   stm32f4xx_it.o
      2564        318          0         72        224      17414   svpwm.o
        16          4         24          4          0       1111   system_stm32f4xx.o
       788         56          0          0        216       4094   tim.o
       164         22          0          0         68       1694   usart.o

    ----------------------------------------------------------------------
     19180       1452        458        176       2880     889785   Object Totals
         0          0         32          0          0          0   (incl. Generated)
        46          0          2          4          0          0   (incl. Padding)

    ----------------------------------------------------------------------

      Code (inc. data)   RO Data    RW Data    ZI Data      Debug   Library Member Name

         8          0          0          0          0         68   __main.o
         0          0          0          0          0          0   __rtentry.o
        12          0          0          0          0          0   __rtentry2.o
         6          0          0          0          0          0   __rtentry4.o
        52          8          0          0          0          0   __scatter.o
        26          0          0          0          0          0   __scatter_copy.o
        28          0          0          0          0          0   __scatter_zi.o
        22          0          0          0          0        100   _rserrno.o
        18          0          0          0          0         80   exit.o
         6          0          0          0          0        152   heapauxi.o
         0          0          0          0          0          0   indicate_semi.o
         2          0          0          0          0          0   libinit.o
         6          0          0          0          0          0   libinit2.o
         2          0          0          0          0          0   libshutdown.o
         2          0          0          0          0          0   libshutdown2.o
         8          4          0          0         96         68   libspace.o
       238          0          0          0          0        100   lludivv7m.o
         8          4          0          0          0         68   rt_errno_addr_intlibspace.o
        78          0          0          0          0         80   rt_memclr_w.o
       100          0          0          0          0         80   rt_memcpy_w.o
         2          0          0          0          0          0   rtexit.o
        10          0          0          0          0          0   rtexit2.o
        12          4          0          0          0         68   sys_exit.o
        74          0          0          0          0         80   sys_stackheap_outer.o
         2          0          0          0          0         68   use_no_semi.o
        24          0          0          0          0        164   basic.o
        98          4          0          0          0        140   d2f.o
       826         16          0          0          0        492   daddsub_clz.o
        24          0          0          0          0        116   dcmpi.o
       688        140          0          0          0        256   ddiv.o
        94          4          0          0          0        140   dfix.o
        84          0          0          0          0        232   dflt_clz.o
       120          4          0          0          0        140   dleqf.o
       340         12          0          0          0        152   dmul.o
       156          4          0          0          0        140   dnaninf.o
       336         12          0          0          0        136   drem_clz.o
        12          0          0          0          0        116   dretinf.o
       108          0          0          0          0        128   drleqf.o
        86          4          0          0          0        132   f2d.o
        96          0          0          0          0        132   ffltll_clz.o
       140          4          0          0          0        132   fnaninf.o
        10          0          0          0          0        116   fpinit.o
        10          0          0          0          0        116   fretinf.o
         0          0          0          0          0          0   usenofp.o
       368         46         48          0          0        200   cos_i.o
        84         16          0          0          0        372   dunder.o
        24          0          0          0          0        124   fabs.o
       280         28          0          0          0        156   floor.o
       260          6          0          0          0        144   fmod.o
        48          0          0          0          0        124   fpclassify.o
       248          0          0          0          0        152   poly.o
      1080        142        200          0          0        188   rred.o
       200         20          0          0          0        164   sin.o
       304         24         40          0          0        208   sin_i.o

    ----------------------------------------------------------------------
      6890        510        288          0         96       5824   Library Totals
        20          4          0          0          0          0   (incl. Padding)

    ----------------------------------------------------------------------

      Code (inc. data)   RO Data    RW Data    ZI Data      Debug   Library Name

       722         20          0          0         96       1012   c_w.l
      3252        204          0          0          0       2980   fz_wm.l
      2896        282        288          0          0       1832   m_wm.l

    ----------------------------------------------------------------------
      6890        510        288          0         96       5824   Library Totals

    ----------------------------------------------------------------------

==============================================================================


      Code (inc. data)   RO Data    RW Data    ZI Data      Debug   

     26070       1962        746        176       2976     875693   Grand Totals
     26070       1962        746        176       2976     875693   ELF Image Totals
     26070       1962        746        176          0          0   ROM Totals

==============================================================================

    Total RO  Size (Code + RO Data)                26816 (  26.19kB)
    Total RW  Size (RW Data + ZI Data)              3152 (   3.08kB)
    Total ROM Size (Code + RO Data + RW Data)      26992 (  26.36kB)

==============================================================================

